1000, 977996, 1, 0, 0
1999, 1030934, 1, 0, 0
3000, 1009020, 1, 0, 0
4000, 993312, 1, 0, 0
5000, 1001632, 1, 0, 0
5999, 989365, 1, 0, 0
7000, 979004, 1, 0, 0
8000, 978920, 1, 0, 0
8999, 1009521, 1, 0, 0
10000, 1000492, 1, 0, 0
11000, 977600, 1, 0, 0
12000, 986300, 1, 0, 0
12999, 1017353, 1, 0, 0
14000, 974908, 1, 0, 0
15000, 1001720, 1, 0, 0
16000, 1020344, 1, 0, 0
16999, 976984, 1, 0, 0
18000, 987388, 1, 0, 0
19000, 1002232, 1, 0, 0
20000, 977184, 1, 0, 0
20999, 993125, 1, 0, 0
22000, 1006916, 1, 0, 0
23000, 1013520, 1, 0, 0
24000, 997448, 1, 0, 0
24999, 1005329, 1, 0, 0
26000, 976100, 1, 0, 0
27000, 984556, 1, 0, 0
28000, 997872, 1, 0, 0
28999, 1001433, 1, 0, 0
30000, 957236, 1, 0, 0
31000, 1005728, 1, 0, 0
32000, 1001136, 1, 0, 0
32999, 974614, 1, 0, 0
34000, 999412, 1, 0, 0
35000, 1001116, 1, 0, 0
36000, 1006388, 1, 0, 0
37000, 1009516, 1, 0, 0
37999, 996732, 1, 0, 0
39000, 997920, 1, 0, 0
40000, 995988, 1, 0, 0
41000, 985536, 1, 0, 0
42000, 977593, 1, 0, 0
43000, 991480, 1, 0, 0
44000, 1012280, 1, 0, 0
45000, 998822, 1, 0, 0
46000, 970628, 1, 0, 0
46999, 1002926, 1, 0, 0
48000, 1013956, 1, 0, 0
49000, 987452, 1, 0, 0
50000, 1024216, 1, 0, 0
51000, 1005332, 1, 0, 0
52000, 977665, 1, 0, 0
53000, 980884, 1, 0, 0
53999, 1008892, 1, 0, 0
55000, 974624, 1, 0, 0
56000, 995488, 1, 0, 0
57000, 1025357, 1, 0, 0
58000, 991040, 1, 0, 0
59000, 977736, 1, 0, 0
60000, 1013049, 1, 0, 0
61000, 992164, 1, 0, 0
62000, 989392, 1, 0, 0
63000, 1022422, 1, 0, 0
64000, 1029684, 1, 0, 0
65000, 1081088, 1, 0, 0
66000, 987319, 1, 0, 0
67000, 1019212, 1, 0, 0
68000, 992220, 1, 0, 0
69000, 993121, 1, 0, 0
70000, 998304, 1, 0, 0
71000, 959023, 1, 0, 0
72000, 1000140, 1, 0, 0
73000, 999292, 1, 0, 0
74000, 974202, 1, 0, 0
75000, 990648, 1, 0, 0
76000, 985629, 1, 0, 0
77000, 973200, 1, 0, 0
78000, 993045, 1, 0, 0
79000, 996284, 1, 0, 0
79999, 1016988, 1, 0, 0
81000, 982744, 1, 0, 0
81999, 1007703, 1, 0, 0
83000, 985056, 1, 0, 0
83999, 975759, 1, 0, 0
85000, 1002816, 1, 0, 0
85999, 1114914, 1, 0, 0
87000, 988280, 1, 0, 0
88000, 990810, 1, 0, 0
89000, 999268, 1, 0, 0
90000, 981925, 1, 0, 0
91000, 997564, 1, 0, 0
92000, 990082, 1, 0, 0
93000, 988968, 1, 0, 0
94000, 989273, 1, 0, 0
95000, 988688, 1, 0, 0
96000, 1021945, 1, 0, 0
97000, 966796, 1, 0, 0
97999, 992456, 1, 0, 0
99000, 983116, 1, 0, 0
100000, 969700, 1, 0, 0
101000, 997385, 1, 0, 0
102000, 1002268, 1, 0, 0
102999, 973317, 1, 0, 0
104000, 999420, 1, 0, 0
105000, 992128, 1, 0, 0
106000, 971728, 1, 0, 0
106999, 1047635, 1, 0, 0
108000, 1052976, 1, 0, 0
109000, 991564, 1, 0, 0
110000, 996488, 1, 0, 0
111000, 1003976, 1, 0, 0
112000, 981720, 1, 0, 0
113000, 992088, 1, 0, 0
114000, 1002152, 1, 0, 0
115000, 1006980, 1, 0, 0
115999, 975167, 1, 0, 0
117000, 992420, 1, 0, 0
118000, 1012472, 1, 0, 0
119000, 964188, 1, 0, 0
119999, 989497, 1, 0, 0
121000, 984780, 1, 0, 0
122000, 969232, 1, 0, 0
123000, 993348, 1, 0, 0
123999, 1008216, 1, 0, 0
125000, 986156, 1, 0, 0
126000, 980404, 1, 0, 0
127000, 1008480, 1, 0, 0
127999, 1015847, 1, 0, 0
129000, 1099612, 1, 0, 0
130000, 991364, 1, 0, 0
131000, 1009764, 1, 0, 0
132000, 973821, 1, 0, 0
133000, 996752, 1, 0, 0
134000, 1018728, 1, 0, 0
135000, 975735, 1, 0, 0
136000, 992280, 1, 0, 0
137000, 996004, 1, 0, 0
138000, 988400, 1, 0, 0
139000, 997309, 1, 0, 0
140000, 993488, 1, 0, 0
141000, 978612, 1, 0, 0
141999, 970658, 1, 0, 0
143000, 990816, 1, 0, 0
144000, 982312, 1, 0, 0
145000, 993968, 1, 0, 0
145999, 990994, 1, 0, 0
147000, 1011928, 1, 0, 0
148000, 976520, 1, 0, 0
149000, 1055424, 1, 0, 0
149999, 1120316, 1, 0, 0
151000, 973536, 1, 0, 0
152000, 999896, 1, 0, 0
153000, 994668, 1, 0, 0
153999, 967847, 1, 0, 0
155000, 984172, 1, 0, 0
156000, 996836, 1, 0, 0
157000, 983948, 1, 0, 0
157999, 973589, 1, 0, 0
159000, 992784, 1, 0, 0
160000, 970292, 1, 0, 0
161000, 992824, 1, 0, 0
162000, 995119, 1, 0, 0
163000, 981264, 1, 0, 0
164000, 997400, 1, 0, 0
165000, 994660, 1, 0, 0
166000, 1015351, 1, 0, 0
167000, 964992, 1, 0, 0
168000, 997624, 1, 0, 0
169000, 999356, 1, 0, 0
169999, 1039271, 1, 0, 0
171000, 1148048, 1, 0, 0
172000, 1009632, 1, 0, 0
172999, 985265, 1, 0, 0
174000, 991092, 1, 0, 0
175000, 994788, 1, 0, 0
175999, 971803, 1, 0, 0
177000, 992736, 1, 0, 0
178000, 986260, 1, 0, 0
179000, 960648, 1, 0, 0
180000, 999015, 1, 0, 0
181000, 973580, 1, 0, 0
182000, 999400, 1, 0, 0
182999, 961437, 1, 0, 0
184000, 994548, 1, 0, 0
185000, 993032, 1, 0, 0
186000, 983828, 1, 0, 0
187000, 988360, 1, 0, 0
188000, 988648, 1, 0, 0
189000, 985136, 1, 0, 0
190000, 1001056, 1, 0, 0
191000, 1087423, 1, 0, 0
192000, 1119516, 1, 0, 0
193000, 1030144, 1, 0, 0
194000, 988276, 1, 0, 0
195000, 956428, 1, 0, 0
196000, 975864, 1, 0, 0
197000, 995511, 1, 0, 0
198000, 989304, 1, 0, 0
199000, 983560, 1, 0, 0
199999, 986906, 1, 0, 0
201000, 995136, 1, 0, 0
202000, 970768, 1, 0, 0
203000, 983740, 1, 0, 0
204000, 981705, 1, 0, 0
205000, 968344, 1, 0, 0
206000, 974236, 1, 0, 0
206999, 1008776, 1, 0, 0
208000, 979880, 1, 0, 0
209000, 988360, 1, 0, 0
210000, 981796, 1, 0, 0
210999, 987115, 1, 0, 0
212000, 1053300, 1, 0, 0
213000, 1167284, 1, 0, 0
214000, 1050584, 1, 0, 0
215000, 976288, 1, 0, 0
216000, 970044, 1, 0, 0
217000, 994584, 1, 0, 0
217999, 958658, 1, 0, 0
219000, 982672, 1, 0, 0
220000, 985908, 1, 0, 0
221000, 963916, 1, 0, 0
222000, 977825, 1, 0, 0
223000, 983200, 1, 0, 0
224000, 968012, 1, 0, 0
225000, 983524, 1, 0, 0
226000, 964484, 1, 0, 0
227000, 991732, 1, 0, 0
228000, 980952, 1, 0, 0
229000, 1002448, 1, 0, 0
230000, 971379, 1, 0, 0
231000, 998140, 1, 0, 0
232000, 978660, 1, 0, 0
232999, 1027983, 1, 0, 0
234000, 1162804, 1, 0, 0
235000, 1068840, 1, 0, 0
236000, 999700, 1, 0, 0
237000, 975095, 1, 0, 0
238000, 998904, 1, 0, 0
239000, 991004, 1, 0, 0
240000, 1000172, 1, 0, 0
241000, 976060, 1, 0, 0
242000, 987992, 1, 0, 0
243000, 965868, 1, 0, 0
243999, 972980, 1, 0, 0
245000, 990532, 1, 0, 0
246000, 967408, 1, 0, 0
247000, 978976, 1, 0, 0
248000, 982054, 1, 0, 0
249000, 972248, 1, 0, 0
250000, 988664, 1, 0, 0
1000, 983420, 1, 0, 0
1999, 839983, 1, 0, 0
3000, 1007696, 1, 0, 0
4000, 988676, 1, 0, 0
5000, 1003524, 1, 0, 0
5999, 1017849, 1, 0, 0
7000, 987812, 1, 0, 0
8000, 1015908, 1, 0, 0
8999, 1012908, 1, 0, 0
9999, 1007796, 1, 0, 0
11000, 992852, 1, 0, 0
12000, 1008188, 1, 0, 0
12999, 998666, 1, 0, 0
14000, 987912, 1, 0, 0
15000, 987484, 1, 0, 0
16000, 1022436, 1, 0, 0
16999, 995811, 1, 0, 0
18000, 998584, 1, 0, 0
19000, 997276, 1, 0, 0
20000, 983608, 1, 0, 0
20999, 991419, 1, 0, 0
21999, 1008796, 1, 0, 0
23000, 779564, 1, 0, 0
24000, 1019912, 1, 0, 0
24999, 1009101, 1, 0, 0
26000, 1014224, 1, 0, 0
27000, 1021980, 1, 0, 0
28000, 993504, 1, 0, 0
28999, 1018706, 1, 0, 0
30000, 1009564, 1, 0, 0
31000, 1008616, 1, 0, 0
32000, 1020924, 1, 0, 0
32999, 995979, 1, 0, 0
33999, 1010720, 1, 0, 0
35000, 1019988, 1, 0, 0
36000, 972172, 1, 0, 0
37000, 990600, 1, 0, 0
37999, 1023003, 1, 0, 0
39000, 975536, 1, 0, 0
40000, 984952, 1, 0, 0
41000, 1017588, 1, 0, 0
41999, 1006342, 1, 0, 0
43000, 991672, 1, 0, 0
44000, 771020, 1, 0, 0
45000, 1030470, 1, 0, 0
46000, 994460, 1, 0, 0
46999, 998302, 1, 0, 0
48000, 1027324, 1, 0, 0
49000, 990524, 1, 0, 0
50000, 995575, 1, 0, 0
51000, 999300, 1, 0, 0
51999, 997505, 1, 0, 0
53000, 1006400, 1, 0, 0
53999, 1008560, 1, 0, 0
55000, 1014220, 1, 0, 0
56000, 1007440, 1, 0, 0
56999, 1019959, 1, 0, 0
58000, 993508, 1, 0, 0
59000, 1007008, 1, 0, 0
59999, 1014294, 1, 0, 0
61000, 1004532, 1, 0, 0
62000, 1002472, 1, 0, 0
62999, 997561, 1, 0, 0
64000, 974672, 1, 0, 0
65000, 655820, 1, 0, 0
65999, 1015483, 1, 0, 0
67000, 1021824, 1, 0, 0
68000, 990152, 1, 0, 0
69000, 1010602, 1, 0, 0
70000, 1025964, 1, 0, 0
70999, 1016484, 1, 0, 0
72000, 999852, 1, 0, 0
73000, 1013992, 1, 0, 0
74000, 998046, 1, 0, 0
75000, 1024756, 1, 0, 0
75999, 1020640, 1, 0, 0
77000, 1000520, 1, 0, 0
77999, 1016284, 1, 0, 0
79000, 1010840, 1, 0, 0
79999, 1012856, 1, 0, 0
81000, 988352, 1, 0, 0
81999, 1008108, 1, 0, 0
83000, 1036496, 1, 0, 0
83999, 988820, 1, 0, 0
85000, 990196, 1, 0, 0
85999, 678102, 1, 0, 0
87000, 978492, 1, 0, 0
87999, 1016028, 1, 0, 0
89000, 1027020, 1, 0, 0
89999, 1004348, 1, 0, 0
91000, 1010696, 1, 0, 0
91999, 1025081, 1, 0, 0
93000, 992872, 1, 0, 0
94000, 1002526, 1, 0, 0
95000, 1020052, 1, 0, 0
96000, 1025389, 1, 0, 0
97000, 986348, 1, 0, 0
97999, 1008324, 1, 0, 0
99000, 1034812, 1, 0, 0
100000, 1002352, 1, 0, 0
101000, 997133, 1, 0, 0
102000, 1021332, 1, 0, 0
102999, 988488, 1, 0, 0
103999, 1008364, 1, 0, 0
105000, 1016360, 1, 0, 0
106000, 985244, 1, 0, 0
106999, 689105, 1, 0, 0
108000, 868112, 1, 0, 0
109000, 1005512, 1, 0, 0
109999, 1012728, 1, 0, 0
111000, 1013600, 1, 0, 0
112000, 1016456, 1, 0, 0
112999, 1011619, 1, 0, 0
114000, 1031680, 1, 0, 0
115000, 1031260, 1, 0, 0
115999, 995247, 1, 0, 0
117000, 1011284, 1, 0, 0
118000, 1024448, 1, 0, 0
119000, 980572, 1, 0, 0
119999, 1014774, 1, 0, 0
121000, 1033380, 1, 0, 0
122000, 1002556, 1, 0, 0
123000, 1019744, 1, 0, 0
123999, 1012960, 1, 0, 0
125000, 987208, 1, 0, 0
126000, 1018684, 1, 0, 0
127000, 999316, 1, 0, 0
127999, 720500, 1, 0, 0
129000, 703168, 1, 0, 0
130000, 1057740, 1, 0, 0
131000, 1047040, 1, 0, 0
131999, 1011975, 1, 0, 0
133000, 1024068, 1, 0, 0
134000, 1045580, 1, 0, 0
134999, 993737, 1, 0, 0
136000, 1033848, 1, 0, 0
137000, 1049136, 1, 0, 0
138000, 1012304, 1, 0, 0
138999, 1013165, 1, 0, 0
140000, 1033164, 1, 0, 0
141000, 1004324, 1, 0, 0
141999, 1022222, 1, 0, 0
142999, 1033080, 1, 0, 0
144000, 990764, 1, 0, 0
145000, 1016876, 1, 0, 0
145999, 1035447, 1, 0, 0
147000, 1010812, 1, 0, 0
148000, 1001388, 1, 0, 0
149000, 747032, 1, 0, 0
149999, 650522, 1, 0, 0
151000, 1013712, 1, 0, 0
152000, 1009020, 1, 0, 0
153000, 1025192, 1, 0, 0
153999, 1015095, 1, 0, 0
155000, 1032444, 1, 0, 0
156000, 1030764, 1, 0, 0
157000, 1017832, 1, 0, 0
157999, 1041021, 1, 0, 0
159000, 1024144, 1, 0, 0
160000, 1018360, 1, 0, 0
161000, 1049172, 1, 0, 0
161999, 1016272, 1, 0, 0
163000, 1007280, 1, 0, 0
164000, 1022996, 1, 0, 0
165000, 1021756, 1, 0, 0
165999, 1029717, 1, 0, 0
167000, 992236, 1, 0, 0
168000, 1019068, 1, 0, 0
169000, 1027268, 1, 0, 0
169999, 776316, 1, 0, 0
171000, 556912, 1, 0, 0
172000, 1027304, 1, 0, 0
172999, 1013893, 1, 0, 0
174000, 1028076, 1, 0, 0
175000, 1060988, 1, 0, 0
175999, 1030158, 1, 0, 0
177000, 1017996, 1, 0, 0
178000, 1040128, 1, 0, 0
179000, 1034804, 1, 0, 0
179999, 1032380, 1, 0, 0
181000, 1037144, 1, 0, 0
182000, 1031012, 1, 0, 0
182999, 1010350, 1, 0, 0
184000, 1012140, 1, 0, 0
185000, 1040320, 1, 0, 0
186000, 990136, 1, 0, 0
186999, 1015899, 1, 0, 0
188000, 1049488, 1, 0, 0
189000, 1015404, 1, 0, 0
190000, 1004712, 1, 0, 0
190999, 817229, 1, 0, 0
192000, 548164, 1, 0, 0
193000, 902584, 1, 0, 0
193999, 1052552, 1, 0, 0
195000, 1042160, 1, 0, 0
196000, 1051480, 1, 0, 0
196999, 1028152, 1, 0, 0
198000, 1038808, 1, 0, 0
199000, 1033792, 1, 0, 0
199999, 1049165, 1, 0, 0
201000, 1038676, 1, 0, 0
202000, 1014348, 1, 0, 0
203000, 1035060, 1, 0, 0
203999, 1048248, 1, 0, 0
205000, 1013476, 1, 0, 0
206000, 1026964, 1, 0, 0
206999, 1025601, 1, 0, 0
207999, 1008760, 1, 0, 0
209000, 1014088, 1, 0, 0
210000, 1038572, 1, 0, 0
210999, 1002054, 1, 0, 0
211999, 834932, 1, 0, 0
213000, 564304, 1, 0, 0
214000, 798664, 1, 0, 0
214999, 1040440, 1, 0, 0
216000, 1052212, 1, 0, 0
217000, 1051264, 1, 0, 0
217999, 1035715, 1, 0, 0
219000, 1046844, 1, 0, 0
220000, 1059520, 1, 0, 0
221000, 1010712, 1, 0, 0
221999, 1043403, 1, 0, 0
223000, 1051332, 1, 0, 0
224000, 1029704, 1, 0, 0
225000, 1032176, 1, 0, 0
225999, 1060792, 1, 0, 0
227000, 1028584, 1, 0, 0
228000, 1041344, 1, 0, 0
229000, 1039232, 1, 0, 0
229999, 1024432, 1, 0, 0
231000, 1022252, 1, 0, 0
232000, 1032340, 1, 0, 0
232999, 858658, 1, 0, 0
234000, 555576, 1, 0, 0
235000, 791140, 1, 0, 0
236000, 1065176, 1, 0, 0
236999, 1027387, 1, 0, 0
238000, 1046116, 1, 0, 0
239000, 1050892, 1, 0, 0
240000, 1017232, 1, 0, 0
240999, 1034686, 1, 0, 0
242000, 1054276, 1, 0, 0
243000, 1014268, 1, 0, 0
243999, 1038110, 1, 0, 0
245000, 1033408, 1, 0, 0
246000, 1039344, 1, 0, 0
247000, 1043548, 1, 0, 0
247999, 1034306, 1, 0, 0
249000, 1027012, 1, 0, 0
250000, 1020852, 1, 0, 0
1000, 988872, 1, 0, 0
1999, 1093901, 1, 0, 0
2999, 1001768, 1, 0, 0
4000, 978336, 1, 0, 0
5000, 999244, 1, 0, 0
5999, 996940, 1, 0, 0
7000, 997428, 1, 0, 0
8000, 997736, 1, 0, 0
8999, 998054, 1, 0, 0
9999, 1000420, 1, 0, 0
11000, 970408, 1, 0, 0
12000, 987376, 1, 0, 0
12999, 1006018, 1, 0, 0
13999, 973500, 1, 0, 0
15000, 1007244, 1, 0, 0
16000, 993704, 1, 0, 0
16999, 976732, 1, 0, 0
17999, 1001992, 1, 0, 0
19000, 1008504, 1, 0, 0
20000, 981528, 1, 0, 0
20999, 997109, 1, 0, 0
21999, 1004016, 1, 0, 0
23000, 1146132, 1, 0, 0
24000, 983776, 1, 0, 0
24999, 995571, 1, 0, 0
25999, 972460, 1, 0, 0
27000, 994976, 1, 0, 0
28000, 1012628, 1, 0, 0
28999, 995243, 1, 0, 0
29999, 961068, 1, 0, 0
31000, 992024, 1, 0, 0
32000, 1001544, 1, 0, 0
32999, 960424, 1, 0, 0
33999, 989756, 1, 0, 0
35000, 1000516, 1, 0, 0
36000, 966500, 1, 0, 0
37000, 972908, 1, 0, 0
37999, 1006934, 1, 0, 0
38999, 991536, 1, 0, 0
40000, 998528, 1, 0, 0
41000, 993828, 1, 0, 0
41999, 988532, 1, 0, 0
43000, 1005372, 1, 0, 0
44000, 1187644, 1, 0, 0
44999, 1002330, 1, 0, 0
46000, 981884, 1, 0, 0
46999, 990874, 1, 0, 0
48000, 993160, 1, 0, 0
49000, 966056, 1, 0, 0
50000, 973993, 1, 0, 0
51000, 1008088, 1, 0, 0
51999, 975583, 1, 0, 0
53000, 994860, 1, 0, 0
53999, 995555, 1, 0, 0
55000, 958328, 1, 0, 0
56000, 994764, 1, 0, 0
56999, 973153, 1, 0, 0
58000, 993660, 1, 0, 0
59000, 1002480, 1, 0, 0
59999, 987731, 1, 0, 0
61000, 977180, 1, 0, 0
62000, 977388, 1, 0, 0
62999, 983515, 1, 0, 0
64000, 1012996, 1, 0, 0
65000, 1177616, 1, 0, 0
65999, 995031, 1, 0, 0
67000, 997816, 1, 0, 0
68000, 969116, 1, 0, 0
68999, 993401, 1, 0, 0
70000, 996360, 1, 0, 0
70999, 969305, 1, 0, 0
72000, 994072, 1, 0, 0
73000, 998552, 1, 0, 0
73999, 973793, 1, 0, 0
75000, 981372, 1, 0, 0
75999, 988136, 1, 0, 0
77000, 985940, 1, 0, 0
77999, 988164, 1, 0, 0
79000, 1005224, 1, 0, 0
79999, 1004104, 1, 0, 0
81000, 973704, 1, 0, 0
81999, 975659, 1, 0, 0
83000, 1006836, 1, 0, 0
83999, 972692, 1, 0, 0
85000, 985012, 1, 0, 0
85999, 1226342, 1, 0, 0
87000, 981712, 1, 0, 0
87999, 985265, 1, 0, 0
89000, 994244, 1, 0, 0
89999, 977457, 1, 0, 0
91000, 978588, 1, 0, 0
91999, 998586, 1, 0, 0
93000, 979760, 1, 0, 0
93999, 1003711, 1, 0, 0
95000, 984852, 1, 0, 0
95999, 996476, 1, 0, 0
97000, 982208, 1, 0, 0
97999, 988352, 1, 0, 0
99000, 991056, 1, 0, 0
100000, 976572, 1, 0, 0
101000, 987527, 1, 0, 0
102000, 1004360, 1, 0, 0
102999, 971011, 1, 0, 0
103999, 992216, 1, 0, 0
105000, 992988, 1, 0, 0
106000, 982464, 1, 0, 0
106999, 1278846, 1, 0, 0
108000, 1032992, 1, 0, 0
109000, 969736, 1, 0, 0
109999, 977809, 1, 0, 0
111000, 993808, 1, 0, 0
112000, 978812, 1, 0, 0
112999, 988796, 1, 0, 0
114000, 965976, 1, 0, 0
115000, 990144, 1, 0, 0
115999, 979259, 1, 0, 0
117000, 991064, 1, 0, 0
118000, 977520, 1, 0, 0
119000, 984132, 1, 0, 0
119999, 974874, 1, 0, 0
121000, 997924, 1, 0, 0
122000, 976976, 1, 0, 0
123000, 984080, 1, 0, 0
123999, 985325, 1, 0, 0
124999, 978860, 1, 0, 0
126000, 987188, 1, 0, 0
127000, 997248, 1, 0, 0
127999, 1304620, 1, 0, 0
128999, 1086416, 1, 0, 0
130000, 952952, 1, 0, 0
131000, 978352, 1, 0, 0
131999, 961977, 1, 0, 0
133000, 963024, 1, 0, 0
134000, 972768, 1, 0, 0
134999, 967415, 1, 0, 0
136000, 976540, 1, 0, 0
137000, 968664, 1, 0, 0
138000, 948396, 1, 0, 0
138999, 978086, 1, 0, 0
140000, 999788, 1, 0, 0
141000, 975236, 1, 0, 0
141999, 981517, 1, 0, 0
142999, 1005048, 1, 0, 0
144000, 969036, 1, 0, 0
145000, 981792, 1, 0, 0
145999, 978682, 1, 0, 0
146999, 1001932, 1, 0, 0
148000, 957540, 1, 0, 0
149000, 1317700, 1, 0, 0
149999, 1105481, 1, 0, 0
150999, 960408, 1, 0, 0
152000, 994816, 1, 0, 0
153000, 988188, 1, 0, 0
153999, 950838, 1, 0, 0
154999, 969128, 1, 0, 0
156000, 989476, 1, 0, 0
157000, 957756, 1, 0, 0
157999, 989513, 1, 0, 0
158999, 995284, 1, 0, 0
160000, 974512, 1, 0, 0
161000, 955380, 1, 0, 0
161999, 997681, 1, 0, 0
163000, 970864, 1, 0, 0
164000, 967268, 1, 0, 0
165000, 984712, 1, 0, 0
165999, 980812, 1, 0, 0
167000, 950104, 1, 0, 0
168000, 978700, 1, 0, 0
169000, 1004120, 1, 0, 0
169999, 1314914, 1, 0, 0
171000, 1122132, 1, 0, 0
172000, 985648, 1, 0, 0
172999, 950838, 1, 0, 0
174000, 975728, 1, 0, 0
175000, 966388, 1, 0, 0
175999, 953709, 1, 0, 0
177000, 981584, 1, 0, 0
178000, 961180, 1, 0, 0
179000, 968596, 1, 0, 0
179999, 964988, 1, 0, 0
181000, 983600, 1, 0, 0
182000, 990868, 1, 0, 0
182999, 951867, 1, 0, 0
183999, 978152, 1, 0, 0
185000, 998828, 1, 0, 0
186000, 959936, 1, 0, 0
186999, 981413, 1, 0, 0
188000, 983204, 1, 0, 0
189000, 943520, 1, 0, 0
190000, 990932, 1, 0, 0
190999, 1327631, 1, 0, 0
192000, 1128624, 1, 0, 0
193000, 1012760, 1, 0, 0
193999, 963439, 1, 0, 0
195000, 971532, 1, 0, 0
196000, 962116, 1, 0, 0
196999, 969897, 1, 0, 0
198000, 959268, 1, 0, 0
199000, 952864, 1, 0, 0
199999, 969053, 1, 0, 0
201000, 988808, 1, 0, 0
202000, 952248, 1, 0, 0
203000, 967312, 1, 0, 0
203999, 980860, 1, 0, 0
205000, 959664, 1, 0, 0
206000, 973868, 1, 0, 0
206999, 985773, 1, 0, 0
207999, 956404, 1, 0, 0
209000, 990692, 1, 0, 0
210000, 991672, 1, 0, 0
210999, 973041, 1, 0, 0
211999, 1303324, 1, 0, 0
213000, 1141620, 1, 0, 0
214000, 1041092, 1, 0, 0
214999, 969785, 1, 0, 0
216000, 991336, 1, 0, 0
217000, 975884, 1, 0, 0
217999, 947339, 1, 0, 0
218999, 967224, 1, 0, 0
220000, 968828, 1, 0, 0
221000, 966012, 1, 0, 0
221999, 968856, 1, 0, 0
223000, 972040, 1, 0, 0
224000, 968864, 1, 0, 0
225000, 970960, 1, 0, 0
225999, 979927, 1, 0, 0
227000, 944456, 1, 0, 0
228000, 977284, 1, 0, 0
229000, 963168, 1, 0, 0
229999, 959399, 1, 0, 0
231000, 982672, 1, 0, 0
232000, 988748, 1, 0, 0
232999, 1323215, 1, 0, 0
233999, 1123072, 1, 0, 0
235000, 1054380, 1, 0, 0
236000, 968392, 1, 0, 0
236999, 937257, 1, 0, 0
238000, 951728, 1, 0, 0
239000, 984652, 1, 0, 0
240000, 947000, 1, 0, 0
240999, 979943, 1, 0, 0
242000, 979440, 1, 0, 0
243000, 962060, 1, 0, 0
243999, 970134, 1, 0, 0
245000, 971836, 1, 0, 0
246000, 952352, 1, 0, 0
247000, 971888, 1, 0, 0
247999, 984764, 1, 0, 0
249000, 953008, 1, 0, 0
250000, 975296, 1, 0, 0
1000, 982656, 1, 0, 0
1999, 1029237, 1, 0, 0
3000, 1006596, 1, 0, 0
4000, 982480, 1, 0, 0
5000, 984644, 1, 0, 0
5999, 1008604, 1, 0, 0
7000, 985188, 1, 0, 0
8000, 993192, 1, 0, 0
8999, 981137, 1, 0, 0
9999, 1022108, 1, 0, 0
11000, 972144, 1, 0, 0
12000, 1009320, 1, 0, 0
12999, 1007119, 1, 0, 0
14000, 977772, 1, 0, 0
15000, 989376, 1, 0, 0
16000, 991648, 1, 0, 0
16999, 979519, 1, 0, 0
18000, 997576, 1, 0, 0
19000, 1011596, 1, 0, 0
20000, 994260, 1, 0, 0
20999, 1004320, 1, 0, 0
21999, 994776, 1, 0, 0
23000, 1014156, 1, 0, 0
24000, 993528, 1, 0, 0
24999, 1000804, 1, 0, 0
26000, 992672, 1, 0, 0
27000, 980620, 1, 0, 0
28000, 993676, 1, 0, 0
28999, 1014386, 1, 0, 0
30000, 984964, 1, 0, 0
31000, 980944, 1, 0, 0
32000, 1002732, 1, 0, 0
32999, 992380, 1, 0, 0
33999, 986352, 1, 0, 0
35000, 1001604, 1, 0, 0
36000, 982184, 1, 0, 0
37000, 1013716, 1, 0, 0
37999, 987843, 1, 0, 0
39000, 973520, 1, 0, 0
40000, 1005628, 1, 0, 0
41000, 1008964, 1, 0, 0
41999, 978950, 1, 0, 0
43000, 997032, 1, 0, 0
44000, 1034172, 1, 0, 0
45000, 1007147, 1, 0, 0
46000, 967192, 1, 0, 0
46999, 1000776, 1, 0, 0
48000, 998032, 1, 0, 0
49000, 981160, 1, 0, 0
50000, 996380, 1, 0, 0
51000, 1011276, 1, 0, 0
51999, 980296, 1, 0, 0
53000, 1004132, 1, 0, 0
53999, 1003807, 1, 0, 0
55000, 991192, 1, 0, 0
56000, 987756, 1, 0, 0
56999, 992464, 1, 0, 0
58000, 968420, 1, 0, 0
59000, 995884, 1, 0, 0
59999, 988540, 1, 0, 0
61000, 991436, 1, 0, 0
62000, 1002640, 1, 0, 0
62999, 990186, 1, 0, 0
64000, 1013128, 1, 0, 0
65000, 1003476, 1, 0, 0
65999, 1001769, 1, 0, 0
67000, 996840, 1, 0, 0
68000, 978952, 1, 0, 0
68999, 991883, 1, 0, 0
70000, 1005284, 1, 0, 0
70999, 990594, 1, 0, 0
72000, 993116, 1, 0, 0
73000, 1000792, 1, 0, 0
74000, 996792, 1, 0, 0
75000, 986884, 1, 0, 0
75999, 1010162, 1, 0, 0
77000, 992296, 1, 0, 0
77999, 989369, 1, 0, 0
79000, 988032, 1, 0, 0
79999, 997081, 1, 0, 0
81000, 969736, 1, 0, 0
81999, 1001409, 1, 0, 0
83000, 1002004, 1, 0, 0
83999, 985869, 1, 0, 0
85000, 1005128, 1, 0, 0
85999, 1010342, 1, 0, 0
87000, 992088, 1, 0, 0
87999, 1001017, 1, 0, 0
89000, 1001548, 1, 0, 0
89999, 979199, 1, 0, 0
91000, 1002292, 1, 0, 0
91999, 995623, 1, 0, 0
93000, 988464, 1, 0, 0
94000, 988056, 1, 0, 0
95000, 1004436, 1, 0, 0
96000, 990054, 1, 0, 0
97000, 970660, 1, 0, 0
97999, 1002758, 1, 0, 0
99000, 1019156, 1, 0, 0
100000, 973388, 1, 0, 0
101000, 1002902, 1, 0, 0
102000, 1000416, 1, 0, 0
102999, 993713, 1, 0, 0
103999, 985024, 1, 0, 0
105000, 1016448, 1, 0, 0
106000, 997556, 1, 0, 0
106999, 976684, 1, 0, 0
108000, 1064376, 1, 0, 0
109000, 985424, 1, 0, 0
109999, 1004396, 1, 0, 0
111000, 995680, 1, 0, 0
112000, 979516, 1, 0, 0
112999, 991967, 1, 0, 0
114000, 997908, 1, 0, 0
115000, 1001728, 1, 0, 0
115999, 963255, 1, 0, 0
117000, 990164, 1, 0, 0
118000, 1012328, 1, 0, 0
119000, 986436, 1, 0, 0
119999, 1004916, 1, 0, 0
121000, 1004372, 1, 0, 0
122000, 976076, 1, 0, 0
123000, 989732, 1, 0, 0
123999, 1006346, 1, 0, 0
124999, 987272, 1, 0, 0
126000, 999408, 1, 0, 0
127000, 997728, 1, 0, 0
127999, 913561, 1, 0, 0
129000, 1101844, 1, 0, 0
130000, 1003940, 1, 0, 0
131000, 999096, 1, 0, 0
131999, 969277, 1, 0, 0
133000, 1007424, 1, 0, 0
134000, 995780, 1, 0, 0
134999, 981381, 1, 0, 0
136000, 982040, 1, 0, 0
137000, 1008732, 1, 0, 0
138000, 978020, 1, 0, 0
138999, 999407, 1, 0, 0
140000, 991536, 1, 0, 0
141000, 979952, 1, 0, 0
141999, 1012188, 1, 0, 0
142999, 980856, 1, 0, 0
144000, 999516, 1, 0, 0
145000, 993508, 1, 0, 0
145999, 997281, 1, 0, 0
147000, 994708, 1, 0, 0
148000, 985644, 1, 0, 0
149000, 877456, 1, 0, 0
149999, 1161277, 1, 0, 0
151000, 974100, 1, 0, 0
152000, 987292, 1, 0, 0
153000, 1023220, 1, 0, 0
153999, 990734, 1, 0, 0
155000, 1000328, 1, 0, 0
156000, 1002692, 1, 0, 0
157000, 970936, 1, 0, 0
157999, 982626, 1, 0, 0
158999, 999296, 1, 0, 0
160000, 979640, 1, 0, 0
161000, 989152, 1, 0, 0
161999, 992016, 1, 0, 0
163000, 995852, 1, 0, 0
164000, 997396, 1, 0, 0
165000, 994096, 1, 0, 0
165999, 1006582, 1, 0, 0
167000, 1005392, 1, 0, 0
168000, 991668, 1, 0, 0
169000, 998096, 1, 0, 0
169999, 795587, 1, 0, 0
171000, 1167836, 1, 0, 0
172000, 1006740, 1, 0, 0
172999, 986250, 1, 0, 0
174000, 993112, 1, 0, 0
175000, 996300, 1, 0, 0
175999, 986210, 1, 0, 0
177000, 993964, 1, 0, 0
178000, 1018540, 1, 0, 0
179000, 984844, 1, 0, 0
179999, 989257, 1, 0, 0
181000, 1005316, 1, 0, 0
182000, 1009152, 1, 0, 0
182999, 987695, 1, 0, 0
183999, 1010252, 1, 0, 0
185000, 997588, 1, 0, 0
186000, 985488, 1, 0, 0
186999, 999363, 1, 0, 0
188000, 1006184, 1, 0, 0
189000, 983988, 1, 0, 0
190000, 986236, 1, 0, 0
190999, 791103, 1, 0, 0
192000, 1144152, 1, 0, 0
193000, 1047276, 1, 0, 0
193999, 1010982, 1, 0, 0
195000, 977200, 1, 0, 0
196000, 994660, 1, 0, 0
196999, 1004868, 1, 0, 0
198000, 972856, 1, 0, 0
199000, 1006904, 1, 0, 0
199999, 994514, 1, 0, 0
201000, 1002032, 1, 0, 0
202000, 978728, 1, 0, 0
203000, 996852, 1, 0, 0
203999, 1013213, 1, 0, 0
205000, 985164, 1, 0, 0
206000, 1008076, 1, 0, 0
206999, 999275, 1, 0, 0
207999, 988704, 1, 0, 0
209000, 994416, 1, 0, 0
210000, 999712, 1, 0, 0
210999, 978786, 1, 0, 0
211999, 797972, 1, 0, 0
213000, 1138336, 1, 0, 0
214000, 1066988, 1, 0, 0
214999, 1004644, 1, 0, 0
216000, 989224, 1, 0, 0
217000, 1010964, 1, 0, 0
217999, 976568, 1, 0, 0
218999, 996396, 1, 0, 0
220000, 1014332, 1, 0, 0
221000, 979216, 1, 0, 0
221999, 996096, 1, 0, 0
223000, 1016376, 1, 0, 0
224000, 962648, 1, 0, 0
225000, 997912, 1, 0, 0
225999, 1010138, 1, 0, 0
227000, 974464, 1, 0, 0
228000, 989268, 1, 0, 0
229000, 1006656, 1, 0, 0
229999, 991619, 1, 0, 0
231000, 984356, 1, 0, 0
232000, 1000784, 1, 0, 0
232999, 825165, 1, 0, 0
234000, 1074624, 1, 0, 0
235000, 1085052, 1, 0, 0
236000, 1003940, 1, 0, 0
236999, 986030, 1, 0, 0
238000, 996412, 1, 0, 0
239000, 1003160, 1, 0, 0
240000, 962304, 1, 0, 0
240999, 997053, 1, 0, 0
242000, 996872, 1, 0, 0
243000, 991888, 1, 0, 0
243999, 1001913, 1, 0, 0
245000, 1014752, 1, 0, 0
246000, 983052, 1, 0, 0
247000, 991368, 1, 0, 0
247999, 1000532, 1, 0, 0
249000, 1001196, 1, 0, 0
250000, 997160, 1, 0, 0
1000, 1004456, 1, 0, 0
2000, 995495, 1, 0, 0
3000, 1002272, 1, 0, 0
4000, 1015584, 1, 0, 0
5000, 981369, 1, 0, 0
6000, 984476, 1, 0, 0
6999, 1002202, 1, 0, 0
8000, 966224, 1, 0, 0
9000, 1005724, 1, 0, 0
9999, 993541, 1, 0, 0
11000, 988192, 1, 0, 0
12000, 985020, 1, 0, 0
13000, 1005277, 1, 0, 0
14000, 984288, 1, 0, 0
15000, 998968, 1, 0, 0
16000, 1008324, 1, 0, 0
17000, 1001816, 1, 0, 0
18000, 968104, 1, 0, 0
19000, 1000704, 1, 0, 0
20000, 991216, 1, 0, 0
21000, 977952, 1, 0, 0
22000, 995071, 1, 0, 0
23000, 985904, 1, 0, 0
24000, 979963, 1, 0, 0
25000, 1001512, 1, 0, 0
26000, 993520, 1, 0, 0
27000, 982666, 1, 0, 0
28000, 998148, 1, 0, 0
28999, 990762, 1, 0, 0
30000, 973592, 1, 0, 0
31000, 1003620, 1, 0, 0
32000, 997785, 1, 0, 0
33000, 1001252, 1, 0, 0
33999, 991323, 1, 0, 0
35000, 994316, 1, 0, 0
36000, 1022316, 1, 0, 0
37000, 991475, 1, 0, 0
38000, 992460, 1, 0, 0
39000, 1021160, 1, 0, 0
40000, 990730, 1, 0, 0
41000, 977512, 1, 0, 0
41999, 993229, 1, 0, 0
43000, 989772, 1, 0, 0
44000, 935356, 1, 0, 0
45000, 998986, 1, 0, 0
46000, 983484, 1, 0, 0
46999, 1003179, 1, 0, 0
48000, 1012572, 1, 0, 0
49000, 1011024, 1, 0, 0
50000, 1014238, 1, 0, 0
51000, 997528, 1, 0, 0
51999, 1003539, 1, 0, 0
53000, 964724, 1, 0, 0
54000, 1001264, 1, 0, 0
55000, 1006654, 1, 0, 0
56000, 983368, 1, 0, 0
57000, 1022408, 1, 0, 0
58000, 1017465, 1, 0, 0
59000, 966500, 1, 0, 0
60000, 1005156, 1, 0, 0
61000, 1004848, 1, 0, 0
62000, 987948, 1, 0, 0
63000, 1016380, 1, 0, 0
64000, 1024180, 1, 0, 0
65000, 979476, 1, 0, 0
65999, 992820, 1, 0, 0
67000, 1019148, 1, 0, 0
68000, 1019936, 1, 0, 0
69000, 989949, 1, 0, 0
70000, 990664, 1, 0, 0
70999, 992860, 1, 0, 0
72000, 986532, 1, 0, 0
73000, 992828, 1, 0, 0
74000, 994166, 1, 0, 0
75000, 988884, 1, 0, 0
76000, 979691, 1, 0, 0
77000, 994524, 1, 0, 0
77999, 993017, 1, 0, 0
79000, 991196, 1, 0, 0
80000, 1019540, 1, 0, 0
81000, 999839, 1, 0, 0
82000, 1012032, 1, 0, 0
82999, 987071, 1, 0, 0
84000, 1006652, 1, 0, 0
85000, 977936, 1, 0, 0
85999, 991803, 1, 0, 0
87000, 1020856, 1, 0, 0
88000, 973480, 1, 0, 0
89000, 996692, 1, 0, 0
90000, 1012556, 1, 0, 0
91000, 981104, 1, 0, 0
92000, 1000520, 1, 0, 0
93000, 1009368, 1, 0, 0
93999, 978554, 1, 0, 0
95000, 991756, 1, 0, 0
96000, 1018544, 1, 0, 0
97000, 989009, 1, 0, 0
98000, 995908, 1, 0, 0
98999, 984372, 1, 0, 0
100000, 983948, 1, 0, 0
101000, 986444, 1, 0, 0
102000, 998586, 1, 0, 0
103000, 1005464, 1, 0, 0
103999, 978886, 1, 0, 0
105000, 988164, 1, 0, 0
106000, 992104, 1, 0, 0
107000, 910806, 1, 0, 0
108000, 1000708, 1, 0, 0
109000, 1027844, 1, 0, 0
110000, 982970, 1, 0, 0
111000, 1011624, 1, 0, 0
112000, 1009981, 1, 0, 0
113000, 995116, 1, 0, 0
113999, 1004160, 1, 0, 0
115000, 1016244, 1, 0, 0
116000, 993032, 1, 0, 0
117000, 997533, 1, 0, 0
118000, 1006876, 1, 0, 0
118999, 1005809, 1, 0, 0
120000, 976220, 1, 0, 0
121000, 983268, 1, 0, 0
121999, 1000016, 1, 0, 0
123000, 984164, 1, 0, 0
124000, 1006988, 1, 0, 0
124999, 1005509, 1, 0, 0
126000, 985908, 1, 0, 0
127000, 1005220, 1, 0, 0
128000, 955835, 1, 0, 0
129000, 987360, 1, 0, 0
129999, 1002118, 1, 0, 0
131000, 1016044, 1, 0, 0
132000, 996388, 1, 0, 0
133000, 1002066, 1, 0, 0
134000, 1022952, 1, 0, 0
134999, 1016224, 1, 0, 0
136000, 973616, 1, 0, 0
137000, 1001696, 1, 0, 0
138000, 1022366, 1, 0, 0
139000, 980192, 1, 0, 0
140000, 1005732, 1, 0, 0
141000, 1003651, 1, 0, 0
142000, 952948, 1, 0, 0
142999, 1007475, 1, 0, 0
144000, 1006596, 1, 0, 0
145000, 987964, 1, 0, 0
145999, 990266, 1, 0, 0
147000, 1011492, 1, 0, 0
148000, 985420, 1, 0, 0
148999, 969929, 1, 0, 0
150000, 993440, 1, 0, 0
151000, 995760, 1, 0, 0
152000, 1008980, 1, 0, 0
153000, 990332, 1, 0, 0
153999, 1002814, 1, 0, 0
155000, 980468, 1, 0, 0
156000, 1001488, 1, 0, 0
157000, 1008292, 1, 0, 0
158000, 974588, 1, 0, 0
158999, 998982, 1, 0, 0
160000, 996132, 1, 0, 0
161000, 994400, 1, 0, 0
162000, 1000444, 1, 0, 0
163000, 998424, 1, 0, 0
163999, 988872, 1, 0, 0
165000, 1005736, 1, 0, 0
166000, 1009408, 1, 0, 0
166999, 978222, 1, 0, 0
168000, 999136, 1, 0, 0
169000, 1002712, 1, 0, 0
170000, 954170, 1, 0, 0
171000, 989628, 1, 0, 0
171999, 1011015, 1, 0, 0
173000, 1025380, 1, 0, 0
174000, 984980, 1, 0, 0
175000, 999919, 1, 0, 0
176000, 1014924, 1, 0, 0
177000, 989305, 1, 0, 0
178000, 992832, 1, 0, 0
179000, 999264, 1, 0, 0
180000, 977617, 1, 0, 0
181000, 1004260, 1, 0, 0
181999, 998034, 1, 0, 0
183000, 986552, 1, 0, 0
184000, 995704, 1, 0, 0
185000, 998822, 1, 0, 0
186000, 999124, 1, 0, 0
187000, 986152, 1, 0, 0
188000, 981457, 1, 0, 0
189000, 1009420, 1, 0, 0
190000, 985336, 1, 0, 0
191000, 940944, 1, 0, 0
192000, 1008416, 1, 0, 0
193000, 983271, 1, 0, 0
194000, 1001304, 1, 0, 0
194999, 1006858, 1, 0, 0
196000, 978536, 1, 0, 0
197000, 993448, 1, 0, 0
198000, 1029397, 1, 0, 0
199000, 982676, 1, 0, 0
200000, 1014450, 1, 0, 0
201000, 1006912, 1, 0, 0
201999, 990598, 1, 0, 0
203000, 1003396, 1, 0, 0
204000, 1001624, 1, 0, 0
205000, 995555, 1, 0, 0
206000, 975356, 1, 0, 0
207000, 1010788, 1, 0, 0
208000, 1024412, 1, 0, 0
209000, 974672, 1, 0, 0
210000, 1007368, 1, 0, 0
211000, 1000788, 1, 0, 0
212000, 930088, 1, 0, 0
213000, 1003900, 1, 0, 0
214000, 1006986, 1, 0, 0
215000, 993180, 1, 0, 0
216000, 990264, 1, 0, 0
217000, 999251, 1, 0, 0
218000, 985044, 1, 0, 0
218999, 994758, 1, 0, 0
220000, 1002988, 1, 0, 0
221000, 1004016, 1, 0, 0
222000, 979455, 1, 0, 0
223000, 988436, 1, 0, 0
1000, 1006664, 1, 0, 0
1999, 909545, 1, 0, 0
3000, 995828, 1, 0, 0
4000, 1011148, 1, 0, 0
4999, 989933, 1, 0, 0
6000, 1009332, 1, 0, 0
6999, 1005477, 1, 0, 0
8000, 998668, 1, 0, 0
9000, 1002200, 1, 0, 0
9999, 1000292, 1, 0, 0
11000, 1000588, 1, 0, 0
12000, 1002348, 1, 0, 0
12999, 1000164, 1, 0, 0
14000, 997920, 1, 0, 0
15000, 994816, 1, 0, 0
15999, 1017045, 1, 0, 0
17000, 1018684, 1, 0, 0
18000, 973684, 1, 0, 0
18999, 1000868, 1, 0, 0
20000, 1006316, 1, 0, 0
21000, 992724, 1, 0, 0
21999, 1013389, 1, 0, 0
23000, 979456, 1, 0, 0
23999, 993933, 1, 0, 0
25000, 1013120, 1, 0, 0
26000, 1013496, 1, 0, 0
26999, 998470, 1, 0, 0
28000, 995844, 1, 0, 0
28999, 1013333, 1, 0, 0
30000, 992456, 1, 0, 0
31000, 1015276, 1, 0, 0
31999, 1002446, 1, 0, 0
33000, 1013544, 1, 0, 0
33999, 975875, 1, 0, 0
35000, 1007408, 1, 0, 0
36000, 996736, 1, 0, 0
36999, 974266, 1, 0, 0
38000, 1012580, 1, 0, 0
39000, 987048, 1, 0, 0
39999, 965037, 1, 0, 0
41000, 1014600, 1, 0, 0
41999, 1014822, 1, 0, 0
43000, 974952, 1, 0, 0
44000, 1023916, 1, 0, 0
44999, 1009701, 1, 0, 0
46000, 987136, 1, 0, 0
46999, 1003095, 1, 0, 0
48000, 987952, 1, 0, 0
49000, 1000648, 1, 0, 0
49999, 970462, 1, 0, 0
51000, 981876, 1, 0, 0
51999, 1016920, 1, 0, 0
53000, 972356, 1, 0, 0
54000, 991876, 1, 0, 0
54999, 1023951, 1, 0, 0
56000, 987820, 1, 0, 0
57000, 996920, 1, 0, 0
57999, 992432, 1, 0, 0
59000, 1001216, 1, 0, 0
60000, 989420, 1, 0, 0
60999, 1016940, 1, 0, 0
62000, 983068, 1, 0, 0
63000, 998080, 1, 0, 0
63999, 971327, 1, 0, 0
65000, 998956, 1, 0, 0
65999, 1002022, 1, 0, 0
67000, 995828, 1, 0, 0
68000, 1000232, 1, 0, 0
69000, 971347, 1, 0, 0
70000, 1008056, 1, 0, 0
70999, 1014146, 1, 0, 0
72000, 975840, 1, 0, 0
73000, 999740, 1, 0, 0
74000, 1006866, 1, 0, 0
75000, 985820, 1, 0, 0
75999, 1021833, 1, 0, 0
77000, 1008664, 1, 0, 0
77999, 977841, 1, 0, 0
79000, 1003376, 1, 0, 0
80000, 995636, 1, 0, 0
80999, 983819, 1, 0, 0
82000, 1002888, 1, 0, 0
82999, 1016856, 1, 0, 0
84000, 1013192, 1, 0, 0
85000, 971392, 1, 0, 0
85999, 1095815, 1, 0, 0
87000, 1002372, 1, 0, 0
88000, 980712, 1, 0, 0
88999, 1001717, 1, 0, 0
90000, 990956, 1, 0, 0
91000, 975360, 1, 0, 0
92000, 989829, 1, 0, 0
93000, 995352, 1, 0, 0
93999, 973061, 1, 0, 0
95000, 1005856, 1, 0, 0
96000, 994856, 1, 0, 0
96999, 972912, 1, 0, 0
98000, 990944, 1, 0, 0
98999, 1006338, 1, 0, 0
100000, 987192, 1, 0, 0
101000, 984100, 1, 0, 0
101999, 994234, 1, 0, 0
103000, 998156, 1, 0, 0
103999, 985453, 1, 0, 0
105000, 1001128, 1, 0, 0
106000, 1004808, 1, 0, 0
106999, 1078866, 1, 0, 0
108000, 984308, 1, 0, 0
109000, 995608, 1, 0, 0
110000, 967471, 1, 0, 0
111000, 997832, 1, 0, 0
111999, 971671, 1, 0, 0
113000, 996508, 1, 0, 0
113999, 1002046, 1, 0, 0
115000, 990980, 1, 0, 0
116000, 986044, 1, 0, 0
117000, 984948, 1, 0, 0
118000, 982368, 1, 0, 0
118999, 997937, 1, 0, 0
120000, 975504, 1, 0, 0
121000, 999572, 1, 0, 0
121999, 1006530, 1, 0, 0
123000, 982616, 1, 0, 0
124000, 983448, 1, 0, 0
124999, 1003807, 1, 0, 0
126000, 963056, 1, 0, 0
127000, 1001060, 1, 0, 0
127999, 1028876, 1, 0, 0
129000, 1002612, 1, 0, 0
129999, 995819, 1, 0, 0
131000, 1007456, 1, 0, 0
132000, 987136, 1, 0, 0
132999, 981413, 1, 0, 0
134000, 999220, 1, 0, 0
134999, 1017417, 1, 0, 0
136000, 989264, 1, 0, 0
137000, 1000708, 1, 0, 0
137999, 996916, 1, 0, 0
139000, 980724, 1, 0, 0
140000, 986548, 1, 0, 0
140999, 1005093, 1, 0, 0
142000, 996536, 1, 0, 0
142999, 991767, 1, 0, 0
144000, 1001628, 1, 0, 0
145000, 991556, 1, 0, 0
145999, 986470, 1, 0, 0
147000, 999024, 1, 0, 0
148000, 982620, 1, 0, 0
148999, 1046342, 1, 0, 0
150000, 997660, 1, 0, 0
151000, 971624, 1, 0, 0
151999, 982422, 1, 0, 0
153000, 988236, 1, 0, 0
153999, 999683, 1, 0, 0
155000, 980444, 1, 0, 0
156000, 996292, 1, 0, 0
156999, 1015163, 1, 0, 0
158000, 986760, 1, 0, 0
158999, 989401, 1, 0, 0
160000, 1015876, 1, 0, 0
161000, 979404, 1, 0, 0
161999, 989069, 1, 0, 0
163000, 995296, 1, 0, 0
163999, 986562, 1, 0, 0
165000, 998488, 1, 0, 0
166000, 993704, 1, 0, 0
166999, 987015, 1, 0, 0
168000, 1000244, 1, 0, 0
169000, 999608, 1, 0, 0
169999, 1077205, 1, 0, 0
171000, 969628, 1, 0, 0
171999, 985665, 1, 0, 0
173000, 995300, 1, 0, 0
174000, 991792, 1, 0, 0
175000, 998158, 1, 0, 0
176000, 996512, 1, 0, 0
176999, 979235, 1, 0, 0
178000, 1002296, 1, 0, 0
179000, 1001376, 1, 0, 0
180000, 992724, 1, 0, 0
181000, 984180, 1, 0, 0
181999, 1006802, 1, 0, 0
183000, 965388, 1, 0, 0
184000, 982136, 1, 0, 0
184999, 997561, 1, 0, 0
186000, 980764, 1, 0, 0
187000, 1020100, 1, 0, 0
188000, 1000548, 1, 0, 0
189000, 1003848, 1, 0, 0
190000, 991188, 1, 0, 0
190999, 1057937, 1, 0, 0
192000, 1009136, 1, 0, 0
192999, 980980, 1, 0, 0
194000, 988104, 1, 0, 0
194999, 1008712, 1, 0, 0
196000, 975420, 1, 0, 0
197000, 1008484, 1, 0, 0
198000, 1000264, 1, 0, 0
199000, 988680, 1, 0, 0
199999, 981733, 1, 0, 0
201000, 996748, 1, 0, 0
201999, 994006, 1, 0, 0
203000, 986228, 1, 0, 0
204000, 991720, 1, 0, 0
204999, 1007731, 1, 0, 0
206000, 973064, 1, 0, 0
207000, 993132, 1, 0, 0
207999, 992280, 1, 0, 0
209000, 978752, 1, 0, 0
210000, 985184, 1, 0, 0
210999, 1019055, 1, 0, 0
212000, 1032224, 1, 0, 0
213000, 978440, 1, 0, 0
213999, 1008456, 1, 0, 0
215000, 978696, 1, 0, 0
216000, 997548, 1, 0, 0
216999, 995983, 1, 0, 0
218000, 988028, 1, 0, 0
218999, 1003771, 1, 0, 0
220000, 998132, 1, 0, 0
221000, 998644, 1, 0, 0
221999, 974062, 1, 0, 0
223000, 997080, 1, 0, 0
1000, 1011204, 1, 0, 0
1999, 1021733, 1, 0, 0
3000, 995956, 1, 0, 0
4000, 1002516, 1, 0, 0
4999, 985537, 1, 0, 0
6000, 994584, 1, 0, 0
6999, 1013277, 1, 0, 0
8000, 991832, 1, 0, 0
9000, 999768, 1, 0, 0
9999, 1002034, 1, 0, 0
11000, 976108, 1, 0, 0
12000, 989428, 1, 0, 0
12999, 994894, 1, 0, 0
14000, 989280, 1, 0, 0
15000, 1007644, 1, 0, 0
15999, 984192, 1, 0, 0
17000, 1000980, 1, 0, 0
18000, 990928, 1, 0, 0
18999, 992376, 1, 0, 0
20000, 1007740, 1, 0, 0
21000, 979316, 1, 0, 0
21999, 994250, 1, 0, 0
23000, 1075492, 1, 0, 0
23999, 984760, 1, 0, 0
25000, 979432, 1, 0, 0
26000, 997948, 1, 0, 0
26999, 990646, 1, 0, 0
28000, 1004928, 1, 0, 0
28999, 992452, 1, 0, 0
30000, 982920, 1, 0, 0
31000, 985420, 1, 0, 0
31999, 995259, 1, 0, 0
33000, 993688, 1, 0, 0
33999, 970350, 1, 0, 0
35000, 995920, 1, 0, 0
36000, 993104, 1, 0, 0
36999, 963215, 1, 0, 0
38000, 993000, 1, 0, 0
39000, 1019204, 1, 0, 0
39999, 984696, 1, 0, 0
41000, 1000320, 1, 0, 0
41999, 1006870, 1, 0, 0
43000, 988904, 1, 0, 0
44000, 1042140, 1, 0, 0
44999, 1010018, 1, 0, 0
46000, 998636, 1, 0, 0
46999, 985061, 1, 0, 0
48000, 1007604, 1, 0, 0
49000, 996608, 1, 0, 0
49999, 959211, 1, 0, 0
51000, 1012876, 1, 0, 0
51999, 1001869, 1, 0, 0
53000, 985728, 1, 0, 0
54000, 993180, 1, 0, 0
54999, 980668, 1, 0, 0
56000, 970664, 1, 0, 0
57000, 978264, 1, 0, 0
57999, 1017537, 1, 0, 0
59000, 985536, 1, 0, 0
60000, 999968, 1, 0, 0
60999, 991263, 1, 0, 0
62000, 979552, 1, 0, 0
63000, 978292, 1, 0, 0
63999, 1009237, 1, 0, 0
65000, 1004528, 1, 0, 0
65999, 1000508, 1, 0, 0
67000, 997264, 1, 0, 0
68000, 1008540, 1, 0, 0
69000, 989589, 1, 0, 0
70000, 993052, 1, 0, 0
70999, 1007903, 1, 0, 0
72000, 980956, 1, 0, 0
73000, 1002316, 1, 0, 0
74000, 1007823, 1, 0, 0
75000, 975272, 1, 0, 0
75999, 985841, 1, 0, 0
77000, 1006912, 1, 0, 0
77999, 984372, 1, 0, 0
79000, 1007084, 1, 0, 0
80000, 997220, 1, 0, 0
80999, 988776, 1, 0, 0
82000, 977192, 1, 0, 0
82999, 1007475, 1, 0, 0
84000, 991156, 1, 0, 0
85000, 977936, 1, 0, 0
85999, 971939, 1, 0, 0
87000, 1000264, 1, 0, 0
88000, 990400, 1, 0, 0
88999, 996140, 1, 0, 0
90000, 1011460, 1, 0, 0
91000, 986300, 1, 0, 0
92000, 994074, 1, 0, 0
93000, 1003624, 1, 0, 0
93999, 1005169, 1, 0, 0
95000, 993788, 1, 0, 0
96000, 998800, 1, 0, 0
96999, 1002738, 1, 0, 0
98000, 998648, 1, 0, 0
98999, 993301, 1, 0, 0
100000, 997072, 1, 0, 0
101000, 1000064, 1, 0, 0
101999, 997665, 1, 0, 0
103000, 1006148, 1, 0, 0
103999, 984992, 1, 0, 0
105000, 989544, 1, 0, 0
106000, 1015408, 1, 0, 0
106999, 989889, 1, 0, 0
108000, 1000532, 1, 0, 0
109000, 990896, 1, 0, 0
110000, 994486, 1, 0, 0
111000, 986620, 1, 0, 0
111999, 1031283, 1, 0, 0
113000, 976792, 1, 0, 0
113999, 987767, 1, 0, 0
115000, 998284, 1, 0, 0
116000, 991028, 1, 0, 0
117000, 1009809, 1, 0, 0
118000, 997744, 1, 0, 0
118999, 1013601, 1, 0, 0
120000, 976632, 1, 0, 0
121000, 1006228, 1, 0, 0
121999, 1016096, 1, 0, 0
123000, 986812, 1, 0, 0
124000, 989684, 1, 0, 0
124999, 1010270, 1, 0, 0
126000, 983996, 1, 0, 0
127000, 998668, 1, 0, 0
128000, 1077361, 1, 0, 0
129000, 970556, 1, 0, 0
129999, 987455, 1, 0, 0
131000, 1000124, 1, 0, 0
132000, 980604, 1, 0, 0
132999, 988460, 1, 0, 0
134000, 981920, 1, 0, 0
134999, 998214, 1, 0, 0
136000, 980236, 1, 0, 0
137000, 991444, 1, 0, 0
137999, 986942, 1, 0, 0
139000, 979268, 1, 0, 0
140000, 1000156, 1, 0, 0
140999, 1006310, 1, 0, 0
142000, 983524, 1, 0, 0
142999, 1001577, 1, 0, 0
144000, 992660, 1, 0, 0
145000, 978684, 1, 0, 0
145999, 1006050, 1, 0, 0
147000, 1015424, 1, 0, 0
148000, 975944, 1, 0, 0
148999, 1041501, 1, 0, 0
150000, 1000812, 1, 0, 0
151000, 994352, 1, 0, 0
151999, 1009649, 1, 0, 0
153000, 1012968, 1, 0, 0
153999, 1002354, 1, 0, 0
155000, 972836, 1, 0, 0
156000, 989324, 1, 0, 0
156999, 1009373, 1, 0, 0
158000, 981728, 1, 0, 0
158999, 1008444, 1, 0, 0
160000, 1001484, 1, 0, 0
161000, 969844, 1, 0, 0
161999, 1000224, 1, 0, 0
163000, 1015636, 1, 0, 0
163999, 976856, 1, 0, 0
165000, 988296, 1, 0, 0
166000, 1000496, 1, 0, 0
166999, 976484, 1, 0, 0
168000, 980564, 1, 0, 0
169000, 1006112, 1, 0, 0
169999, 1085209, 1, 0, 0
171000, 971368, 1, 0, 0
171999, 997765, 1, 0, 0
173000, 999160, 1, 0, 0
174000, 970364, 1, 0, 0
175000, 995527, 1, 0, 0
176000, 995348, 1, 0, 0
176999, 983439, 1, 0, 0
178000, 976564, 1, 0, 0
179000, 1003348, 1, 0, 0
180000, 986434, 1, 0, 0
181000, 986880, 1, 0, 0
181999, 1003827, 1, 0, 0
183000, 988156, 1, 0, 0
184000, 999624, 1, 0, 0
184999, 1014234, 1, 0, 0
186000, 985780, 1, 0, 0
187000, 981532, 1, 0, 0
188000, 1004992, 1, 0, 0
189000, 995580, 1, 0, 0
190000, 970092, 1, 0, 0
190999, 1074890, 1, 0, 0
192000, 1009624, 1, 0, 0
192999, 982302, 1, 0, 0
194000, 995072, 1, 0, 0
194999, 998474, 1, 0, 0
196000, 993076, 1, 0, 0
197000, 992504, 1, 0, 0
198000, 985433, 1, 0, 0
199000, 973008, 1, 0, 0
199999, 990954, 1, 0, 0
201000, 998548, 1, 0, 0
201999, 982326, 1, 0, 0
203000, 991520, 1, 0, 0
204000, 997672, 1, 0, 0
204999, 1014154, 1, 0, 0
206000, 964116, 1, 0, 0
207000, 995128, 1, 0, 0
207999, 996400, 1, 0, 0
209000, 989208, 1, 0, 0
210000, 1007712, 1, 0, 0
210999, 999235, 1, 0, 0
212000, 1079900, 1, 0, 0
213000, 991200, 1, 0, 0
213999, 1000404, 1, 0, 0
215000, 981108, 1, 0, 0
216000, 998128, 1, 0, 0
217000, 1019315, 1, 0, 0
218000, 973628, 1, 0, 0
218999, 991187, 1, 0, 0
220000, 990020, 1, 0, 0
221000, 1009960, 1, 0, 0
221999, 979843, 1, 0, 0
223000, 992248, 1, 0, 0
1000, 1007536, 1, 0, 0
1999, 999383, 1, 0, 0
3000, 1000148, 1, 0, 0
4000, 1004140, 1, 0, 0
5000, 975319, 1, 0, 0
6000, 1002212, 1, 0, 0
6999, 999047, 1, 0, 0
8000, 983328, 1, 0, 0
9000, 981468, 1, 0, 0
9999, 1013637, 1, 0, 0
11000, 979672, 1, 0, 0
12000, 1008796, 1, 0, 0
13000, 1000276, 1, 0, 0
14000, 985256, 1, 0, 0
15000, 979732, 1, 0, 0
15999, 982970, 1, 0, 0
17000, 1007404, 1, 0, 0
18000, 983296, 1, 0, 0
18999, 995139, 1, 0, 0
20000, 1024080, 1, 0, 0
21000, 977840, 1, 0, 0
22000, 984740, 1, 0, 0
23000, 991172, 1, 0, 0
23999, 981669, 1, 0, 0
25000, 999160, 1, 0, 0
26000, 1013012, 1, 0, 0
26999, 975091, 1, 0, 0
28000, 990788, 1, 0, 0
28999, 1009505, 1, 0, 0
30000, 1002516, 1, 0, 0
31000, 980076, 1, 0, 0
31999, 999923, 1, 0, 0
33000, 1021100, 1, 0, 0
33999, 972264, 1, 0, 0
35000, 992928, 1, 0, 0
36000, 1012732, 1, 0, 0
36999, 994666, 1, 0, 0
38000, 990168, 1, 0, 0
39000, 996112, 1, 0, 0
40000, 994738, 1, 0, 0
41000, 998488, 1, 0, 0
41999, 999607, 1, 0, 0
43000, 988736, 1, 0, 0
44000, 993748, 1, 0, 0
44999, 998698, 1, 0, 0
46000, 982788, 1, 0, 0
46999, 1000708, 1, 0, 0
48000, 996964, 1, 0, 0
49000, 1004612, 1, 0, 0
49999, 987299, 1, 0, 0
51000, 1003320, 1, 0, 0
51999, 1006850, 1, 0, 0
53000, 994296, 1, 0, 0
54000, 996300, 1, 0, 0
54999, 1012932, 1, 0, 0
56000, 981580, 1, 0, 0
57000, 986976, 1, 0, 0
58000, 990262, 1, 0, 0
59000, 981504, 1, 0, 0
60000, 996384, 1, 0, 0
61000, 1001437, 1, 0, 0
62000, 993276, 1, 0, 0
63000, 993256, 1, 0, 0
63999, 1000612, 1, 0, 0
65000, 976316, 1, 0, 0
65999, 994678, 1, 0, 0
67000, 991164, 1, 0, 0
68000, 1009868, 1, 0, 0
69000, 968564, 1, 0, 0
70000, 998188, 1, 0, 0
70999, 1014386, 1, 0, 0
72000, 982424, 1, 0, 0
73000, 996352, 1, 0, 0
74000, 1012940, 1, 0, 0
75000, 982124, 1, 0, 0
75999, 1001013, 1, 0, 0
77000, 1007260, 1, 0, 0
77999, 987103, 1, 0, 0
79000, 986212, 1, 0, 0
80000, 994224, 1, 0, 0
81000, 975407, 1, 0, 0
82000, 997004, 1, 0, 0
82999, 992380, 1, 0, 0
84000, 1019848, 1, 0, 0
85000, 987856, 1, 0, 0
85999, 945997, 1, 0, 0
87000, 1013376, 1, 0, 0
88000, 984824, 1, 0, 0
88999, 997109, 1, 0, 0
90000, 1015676, 1, 0, 0
91000, 983812, 1, 0, 0
92000, 1003379, 1, 0, 0
93000, 1010756, 1, 0, 0
93999, 977269, 1, 0, 0
95000, 994004, 1, 0, 0
96000, 996772, 1, 0, 0
96999, 976188, 1, 0, 0
98000, 998928, 1, 0, 0
98999, 1016780, 1, 0, 0
100000, 989120, 1, 0, 0
101000, 1008864, 1, 0, 0
101999, 1001461, 1, 0, 0
103000, 1020848, 1, 0, 0
103999, 967543, 1, 0, 0
105000, 1010548, 1, 0, 0
106000, 1015292, 1, 0, 0
106999, 954434, 1, 0, 0
108000, 1008920, 1, 0, 0
109000, 1012816, 1, 0, 0
110000, 995099, 1, 0, 0
111000, 995788, 1, 0, 0
111999, 1003343, 1, 0, 0
113000, 976944, 1, 0, 0
113999, 993617, 1, 0, 0
115000, 1002348, 1, 0, 0
116000, 979344, 1, 0, 0
117000, 991479, 1, 0, 0
118000, 1008568, 1, 0, 0
118999, 1013881, 1, 0, 0
120000, 984132, 1, 0, 0
121000, 1001404, 1, 0, 0
121999, 1005017, 1, 0, 0
123000, 972500, 1, 0, 0
124000, 1007532, 1, 0, 0
124999, 1004832, 1, 0, 0
126000, 998172, 1, 0, 0
127000, 982064, 1, 0, 0
128000, 960492, 1, 0, 0
129000, 983964, 1, 0, 0
129999, 1008152, 1, 0, 0
131000, 990784, 1, 0, 0
132000, 988688, 1, 0, 0
133000, 1016276, 1, 0, 0
134000, 995960, 1, 0, 0
134999, 998610, 1, 0, 0
136000, 970992, 1, 0, 0
137000, 999792, 1, 0, 0
138000, 1021797, 1, 0, 0
139000, 977840, 1, 0, 0
140000, 992940, 1, 0, 0
141000, 1012432, 1, 0, 0
142000, 996612, 1, 0, 0
142999, 984984, 1, 0, 0
144000, 1017776, 1, 0, 0
145000, 979976, 1, 0, 0
145999, 1002794, 1, 0, 0
147000, 985560, 1, 0, 0
148000, 999632, 1, 0, 0
148999, 931435, 1, 0, 0
150000, 1020128, 1, 0, 0
151000, 999204, 1, 0, 0
151999, 988160, 1, 0, 0
153000, 1010500, 1, 0, 0
153999, 1029445, 1, 0, 0
155000, 982576, 1, 0, 0
156000, 1003024, 1, 0, 0
156999, 995759, 1, 0, 0
158000, 983308, 1, 0, 0
158999, 988472, 1, 0, 0
160000, 1008292, 1, 0, 0
161000, 985156, 1, 0, 0
161999, 995615, 1, 0, 0
163000, 1006192, 1, 0, 0
163999, 989493, 1, 0, 0
165000, 994008, 1, 0, 0
166000, 1002912, 1, 0, 0
166999, 1006290, 1, 0, 0
168000, 1004532, 1, 0, 0
169000, 991480, 1, 0, 0
170000, 918722, 1, 0, 0
171000, 991256, 1, 0, 0
171999, 1003771, 1, 0, 0
173000, 1015368, 1, 0, 0
174000, 974156, 1, 0, 0
175000, 994150, 1, 0, 0
176000, 1021512, 1, 0, 0
176999, 976696, 1, 0, 0
178000, 1013476, 1, 0, 0
179000, 1013164, 1, 0, 0
180000, 981213, 1, 0, 0
181000, 1009884, 1, 0, 0
181999, 1000244, 1, 0, 0
183000, 1005328, 1, 0, 0
184000, 1007140, 1, 0, 0
185000, 990818, 1, 0, 0
186000, 996964, 1, 0, 0
187000, 987536, 1, 0, 0
188000, 1008272, 1, 0, 0
189000, 1020820, 1, 0, 0
190000, 965388, 1, 0, 0
191000, 915243, 1, 0, 0
192000, 1007752, 1, 0, 0
192999, 987915, 1, 0, 0
194000, 1006244, 1, 0, 0
194999, 1011759, 1, 0, 0
196000, 989788, 1, 0, 0
197000, 995320, 1, 0, 0
198000, 1000076, 1, 0, 0
199000, 999384, 1, 0, 0
200000, 998310, 1, 0, 0
201000, 1000792, 1, 0, 0
201999, 985769, 1, 0, 0
203000, 1002392, 1, 0, 0
204000, 1007100, 1, 0, 0
204999, 1011615, 1, 0, 0
206000, 999716, 1, 0, 0
207000, 989492, 1, 0, 0
208000, 1015423, 1, 0, 0
209000, 979260, 1, 0, 0
210000, 985284, 1, 0, 0
210999, 1001093, 1, 0, 0
212000, 891476, 1, 0, 0
213000, 1020020, 1, 0, 0
214000, 1007139, 1, 0, 0
215000, 989652, 1, 0, 0
216000, 1003504, 1, 0, 0
217000, 997245, 1, 0, 0
218000, 1000744, 1, 0, 0
218999, 996360, 1, 0, 0
220000, 1007220, 1, 0, 0
221000, 1022768, 1, 0, 0
221999, 976756, 1, 0, 0
223000, 1015600, 1, 0, 0
1000, 984204, 1, 0, 0
2000, 1000364, 1, 0, 0
3000, 1006340, 1, 0, 0
4000, 999000, 1, 0, 0
5000, 1001165, 1, 0, 0
6000, 986548, 1, 0, 0
6999, 1004104, 1, 0, 0
8000, 963544, 1, 0, 0
9000, 1009248, 1, 0, 0
10000, 1000640, 1, 0, 0
11000, 979224, 1, 0, 0
12000, 987404, 1, 0, 0
13000, 1010934, 1, 0, 0
14000, 974940, 1, 0, 0
14999, 1001021, 1, 0, 0
16000, 1019564, 1, 0, 0
17000, 982180, 1, 0, 0
17999, 990306, 1, 0, 0
19000, 1001688, 1, 0, 0
20000, 977784, 1, 0, 0
21000, 990890, 1, 0, 0
22000, 1003336, 1, 0, 0
22999, 974050, 1, 0, 0
24000, 989904, 1, 0, 0
25000, 1004816, 1, 0, 0
26000, 1001569, 1, 0, 0
27000, 973804, 1, 0, 0
27999, 998478, 1, 0, 0
29000, 1003632, 1, 0, 0
30000, 966372, 1, 0, 0
31000, 1001561, 1, 0, 0
32000, 1003632, 1, 0, 0
32999, 975835, 1, 0, 0
34000, 1008000, 1, 0, 0
35000, 1000208, 1, 0, 0
36000, 1005493, 1, 0, 0
37000, 1013216, 1, 0, 0
37999, 1002046, 1, 0, 0
39000, 1001676, 1, 0, 0
40000, 1003452, 1, 0, 0
40999, 977993, 1, 0, 0
42000, 997620, 1, 0, 0
43000, 970600, 1, 0, 0
44000, 953417, 1, 0, 0
45000, 1002876, 1, 0, 0
45999, 977221, 1, 0, 0
47000, 1007384, 1, 0, 0
48000, 1014700, 1, 0, 0
49000, 993909, 1, 0, 0
50000, 1021156, 1, 0, 0
51000, 1000512, 1, 0, 0
52000, 985433, 1, 0, 0
53000, 980932, 1, 0, 0
53999, 1005793, 1, 0, 0
55000, 980236, 1, 0, 0
56000, 994784, 1, 0, 0
57000, 1025489, 1, 0, 0
58000, 1013204, 1, 0, 0
59000, 964264, 1, 0, 0
60000, 1008700, 1, 0, 0
61000, 1008408, 1, 0, 0
62000, 978360, 1, 0, 0
63000, 1014142, 1, 0, 0
64000, 1032716, 1, 0, 0
65000, 985688, 1, 0, 0
66000, 995499, 1, 0, 0
67000, 1015648, 1, 0, 0
68000, 1001516, 1, 0, 0
69000, 1000792, 1, 0, 0
70000, 997148, 1, 0, 0
71000, 965569, 1, 0, 0
72000, 1001624, 1, 0, 0
73000, 1001096, 1, 0, 0
74000, 982910, 1, 0, 0
75000, 997240, 1, 0, 0
76000, 987791, 1, 0, 0
77000, 1000588, 1, 0, 0
78000, 982278, 1, 0, 0
79000, 988104, 1, 0, 0
80000, 1025496, 1, 0, 0
81000, 987819, 1, 0, 0
82000, 1005348, 1, 0, 0
83000, 981472, 1, 0, 0
84000, 987259, 1, 0, 0
85000, 995236, 1, 0, 0
86000, 993752, 1, 0, 0
87000, 990150, 1, 0, 0
88000, 997204, 1, 0, 0
89000, 1000568, 1, 0, 0
90000, 992212, 1, 0, 0
91000, 997536, 1, 0, 0
92000, 1004480, 1, 0, 0
93000, 1012804, 1, 0, 0
94000, 976464, 1, 0, 0
95000, 990216, 1, 0, 0
96000, 1028824, 1, 0, 0
97000, 976676, 1, 0, 0
98000, 993188, 1, 0, 0
99000, 992060, 1, 0, 0
100000, 985137, 1, 0, 0
101000, 995348, 1, 0, 0
102000, 1008120, 1, 0, 0
103000, 982908, 1, 0, 0
104000, 1002728, 1, 0, 0
105000, 996096, 1, 0, 0
106000, 975780, 1, 0, 0
107000, 966318, 1, 0, 0
108000, 1004200, 1, 0, 0
109000, 1004864, 1, 0, 0
110000, 994718, 1, 0, 0
111001, 1007220, 1, 0, 0
112000, 1009605, 1, 0, 0
113000, 980556, 1, 0, 0
114000, 1005981, 1, 0, 0
115000, 1019168, 1, 0, 0
116000, 984564, 1, 0, 0
117000, 991559, 1, 0, 0
118000, 1012600, 1, 0, 0
119001, 981048, 1, 0, 0
120000, 989909, 1, 0, 0
121000, 986576, 1, 0, 0
122000, 977732, 1, 0, 0
123000, 999491, 1, 0, 0
124000, 1010336, 1, 0, 0
125000, 981860, 1, 0, 0
126000, 995123, 1, 0, 0
127000, 1009628, 1, 0, 0
128000, 989292, 1, 0, 0
129000, 977693, 1, 0, 0
130000, 1005044, 1, 0, 0
131001, 1017480, 1, 0, 0
132000, 983739, 1, 0, 0
133000, 1002520, 1, 0, 0
134000, 1021161, 1, 0, 0
135000, 990104, 1, 0, 0
136001, 989292, 1, 0, 0
137000, 1009365, 1, 0, 0
138001, 1001008, 1, 0, 0
139000, 990386, 1, 0, 0
140000, 1006612, 1, 0, 0
141001, 982380, 1, 0, 0
142000, 971579, 1, 0, 0
143000, 1007132, 1, 0, 0
144001, 1007048, 1, 0, 0
145001, 979108, 1, 0, 0
146000, 997773, 1, 0, 0
147000, 1016524, 1, 0, 0
148001, 975696, 1, 0, 0
149001, 1021420, 1, 0, 0
150000, 1004500, 1, 0, 0
151001, 974656, 1, 0, 0
152000, 1010490, 1, 0, 0
153001, 1001168, 1, 0, 0
154000, 975927, 1, 0, 0
155000, 993884, 1, 0, 0
156001, 1008812, 1, 0, 0
157000, 986406, 1, 0, 0
158001, 981312, 1, 0, 0
159001, 1002828, 1, 0, 0
160000, 979287, 1, 0, 0
161001, 1000844, 1, 0, 0
162000, 1001117, 1, 0, 0
163000, 999392, 1, 0, 0
164001, 984916, 1, 0, 0
165000, 1004212, 1, 0, 0
166000, 1016416, 1, 0, 0
167001, 965428, 1, 0, 0
168000, 997481, 1, 0, 0
169000, 1003636, 1, 0, 0
170001, 986156, 1, 0, 0
171001, 1008772, 1, 0, 0
172000, 1016712, 1, 0, 0
173001, 999044, 1, 0, 0
174000, 998366, 1, 0, 0
175001, 1001236, 1, 0, 0
176000, 993121, 1, 0, 0
177000, 1000312, 1, 0, 0
178001, 994104, 1, 0, 0
179000, 992316, 1, 0, 0
180000, 972440, 1, 0, 0
181001, 996048, 1, 0, 0
182000, 1004972, 1, 0, 0
183000, 966892, 1, 0, 0
184001, 1003796, 1, 0, 0
185000, 1006138, 1, 0, 0
186000, 985052, 1, 0, 0
187001, 989420, 1, 0, 0
188000, 991579, 1, 0, 0
189000, 983132, 1, 0, 0
190001, 1011468, 1, 0, 0
191000, 987371, 1, 0, 0
192000, 1005388, 1, 0, 0
193001, 994524, 1, 0, 0
194000, 1001397, 1, 0, 0
195001, 1000416, 1, 0, 0
196000, 982582, 1, 0, 0
197001, 986880, 1, 0, 0
198000, 1022494, 1, 0, 0
199000, 981512, 1, 0, 0
200001, 1006812, 1, 0, 0
201000, 1009517, 1, 0, 0
202001, 983256, 1, 0, 0
203000, 995547, 1, 0, 0
204000, 1004384, 1, 0, 0
205000, 971823, 1, 0, 0
206001, 994292, 1, 0, 0
207000, 1020532, 1, 0, 0
208001, 988044, 1, 0, 0
209000, 988972, 1, 0, 0
210000, 1000948, 1, 0, 0
211001, 984784, 1, 0, 0
212000, 970938, 1, 0, 0
213001, 1048140, 1, 0, 0
214000, 1013121, 1, 0, 0
215001, 975628, 1, 0, 0
216000, 987175, 1, 0, 0
217001, 1005128, 1, 0, 0
218000, 974002, 1, 0, 0
219000, 982770, 1, 0, 0
220001, 1011352, 1, 0, 0
221000, 975431, 1, 0, 0
222001, 1000880, 1, 0, 0
223000, 994210, 1, 0, 0
224001, 984776, 1, 0, 0
225000, 991395, 1, 0, 0
226001, 985888, 1, 0, 0
227000, 978506, 1, 0, 0
228001, 1010984, 1, 0, 0
229000, 992084, 1, 0, 0
230000, 1019444, 1, 0, 0
231001, 976220, 1, 0, 0
232000, 999191, 1, 0, 0
233001, 919104, 1, 0, 0
234000, 1038210, 1, 0, 0
235001, 1016904, 1, 0, 0
236001, 1001705, 1, 0, 0
237000, 1002654, 1, 0, 0
238001, 1005092, 1, 0, 0
239000, 1022342, 1, 0, 0
240001, 1002600, 1, 0, 0
241000, 1007367, 1, 0, 0
242001, 1016192, 1, 0, 0
243000, 978394, 1, 0, 0
244001, 990884, 1, 0, 0
245000, 996460, 1, 0, 0
246001, 992452, 1, 0, 0
247000, 983779, 1, 0, 0
248001, 994632, 1, 0, 0
249000, 1002566, 1, 0, 0
250001, 987368, 1, 0, 0
1000, 989600, 1, 0, 0
1999, 931215, 1, 0, 0
3000, 999420, 1, 0, 0
4000, 990108, 1, 0, 0
5000, 1000844, 1, 0, 0
6000, 1015328, 1, 0, 0
6999, 1007427, 1, 0, 0
8000, 990988, 1, 0, 0
9000, 1000364, 1, 0, 0
9999, 1009005, 1, 0, 0
11000, 983212, 1, 0, 0
12000, 1006628, 1, 0, 0
13000, 1002618, 1, 0, 0
14000, 992448, 1, 0, 0
14999, 984552, 1, 0, 0
16000, 1025940, 1, 0, 0
17000, 992908, 1, 0, 0
17999, 987131, 1, 0, 0
19000, 998592, 1, 0, 0
20000, 988852, 1, 0, 0
20999, 1001737, 1, 0, 0
22000, 1006236, 1, 0, 0
22999, 910730, 1, 0, 0
24000, 1013456, 1, 0, 0
25000, 1009528, 1, 0, 0
26000, 1020224, 1, 0, 0
27000, 991024, 1, 0, 0
27999, 999331, 1, 0, 0
29000, 1014752, 1, 0, 0
30000, 989692, 1, 0, 0
31000, 1011743, 1, 0, 0
32000, 1016452, 1, 0, 0
32999, 990686, 1, 0, 0
34000, 994528, 1, 0, 0
35000, 1008784, 1, 0, 0
35999, 974442, 1, 0, 0
37000, 987240, 1, 0, 0
37999, 1019991, 1, 0, 0
39000, 967936, 1, 0, 0
40000, 985272, 1, 0, 0
40999, 1020744, 1, 0, 0
42000, 1020648, 1, 0, 0
43000, 968436, 1, 0, 0
44000, 948696, 1, 0, 0
45000, 1013808, 1, 0, 0
45999, 987151, 1, 0, 0
47000, 997708, 1, 0, 0
48000, 1010756, 1, 0, 0
49000, 977029, 1, 0, 0
50000, 989796, 1, 0, 0
51000, 989340, 1, 0, 0
52000, 999203, 1, 0, 0
53000, 995148, 1, 0, 0
53999, 995411, 1, 0, 0
55000, 1011720, 1, 0, 0
56000, 1004936, 1, 0, 0
56999, 1012596, 1, 0, 0
58000, 983872, 1, 0, 0
59000, 1003056, 1, 0, 0
60000, 1000456, 1, 0, 0
61000, 1025088, 1, 0, 0
62000, 982244, 1, 0, 0
63000, 992740, 1, 0, 0
64000, 984008, 1, 0, 0
65000, 901880, 1, 0, 0
66000, 1007907, 1, 0, 0
67000, 1010620, 1, 0, 0
68000, 975048, 1, 0, 0
69000, 994574, 1, 0, 0
70000, 1016648, 1, 0, 0
70999, 999939, 1, 0, 0
72000, 986852, 1, 0, 0
73000, 1007516, 1, 0, 0
74000, 988548, 1, 0, 0
75000, 1009812, 1, 0, 0
76000, 1022138, 1, 0, 0
77000, 1008732, 1, 0, 0
77999, 982798, 1, 0, 0
79000, 1001568, 1, 0, 0
80000, 1012272, 1, 0, 0
81000, 983115, 1, 0, 0
82000, 1003412, 1, 0, 0
83000, 1024980, 1, 0, 0
84000, 986962, 1, 0, 0
85000, 993792, 1, 0, 0
86000, 972880, 1, 0, 0
87000, 990570, 1, 0, 0
88000, 1002456, 1, 0, 0
89000, 1012552, 1, 0, 0
90000, 975432, 1, 0, 0
91000, 994768, 1, 0, 0
92000, 1000020, 1, 0, 0
93000, 1000060, 1, 0, 0
93999, 972924, 1, 0, 0
95000, 1016268, 1, 0, 0
96000, 1000428, 1, 0, 0
97000, 978794, 1, 0, 0
98000, 1000680, 1, 0, 0
99000, 1013044, 1, 0, 0
100000, 992140, 1, 0, 0
101000, 987700, 1, 0, 0
102000, 1000116, 1, 0, 0
103000, 982884, 1, 0, 0
104000, 997404, 1, 0, 0
105000, 1007395, 1, 0, 0
106000, 979844, 1, 0, 0
107000, 928596, 1, 0, 0
108000, 993928, 1, 0, 0
109000, 989340, 1, 0, 0
110000, 982518, 1, 0, 0
111000, 1011804, 1, 0, 0
112000, 996044, 1, 0, 0
113000, 990660, 1, 0, 0
114000, 1005193, 1, 0, 0
115000, 1005188, 1, 0, 0
116000, 987620, 1, 0, 0
117000, 995499, 1, 0, 0
118000, 992272, 1, 0, 0
119000, 966540, 1, 0, 0
120000, 1013461, 1, 0, 0
121000, 1010688, 1, 0, 0
122000, 990700, 1, 0, 0
123000, 1004564, 1, 0, 0
124000, 995168, 1, 0, 0
125000, 997664, 1, 0, 0
126000, 980868, 1, 0, 0
127000, 999952, 1, 0, 0
128000, 843600, 1, 0, 0
129000, 1007019, 1, 0, 0
130000, 1006136, 1, 0, 0
131001, 1029940, 1, 0, 0
132000, 986834, 1, 0, 0
133000, 999476, 1, 0, 0
134000, 1021469, 1, 0, 0
135000, 978468, 1, 0, 0
136001, 1029444, 1, 0, 0
137000, 1009073, 1, 0, 0
138000, 986812, 1, 0, 0
139000, 994238, 1, 0, 0
140000, 1007748, 1, 0, 0
141001, 991056, 1, 0, 0
142000, 1000164, 1, 0, 0
143000, 1009500, 1, 0, 0
144000, 1014744, 1, 0, 0
145001, 987644, 1, 0, 0
146000, 998434, 1, 0, 0
147000, 1000164, 1, 0, 0
148000, 993440, 1, 0, 0
149001, 815376, 1, 0, 0
150000, 1011379, 1, 0, 0
151001, 978588, 1, 0, 0
152000, 996248, 1, 0, 0
153000, 992236, 1, 0, 0
154000, 996260, 1, 0, 0
155000, 1006348, 1, 0, 0
156001, 1017800, 1, 0, 0
157000, 1002074, 1, 0, 0
158000, 1010424, 1, 0, 0
159001, 1013112, 1, 0, 0
160000, 1007895, 1, 0, 0
161001, 997220, 1, 0, 0
162000, 996440, 1, 0, 0
163000, 1006164, 1, 0, 0
164001, 986368, 1, 0, 0
165000, 1002570, 1, 0, 0
166000, 1012484, 1, 0, 0
167001, 979052, 1, 0, 0
168000, 1017125, 1, 0, 0
169000, 1014004, 1, 0, 0
170000, 815740, 1, 0, 0
171001, 998564, 1, 0, 0
172000, 1005909, 1, 0, 0
173001, 983708, 1, 0, 0
174000, 1018630, 1, 0, 0
175000, 1019948, 1, 0, 0
176000, 991979, 1, 0, 0
177000, 1005616, 1, 0, 0
178001, 1009328, 1, 0, 0
179000, 1025481, 1, 0, 0
180000, 998688, 1, 0, 0
181001, 997788, 1, 0, 0
182000, 1016192, 1, 0, 0
183000, 986008, 1, 0, 0
184001, 986484, 1, 0, 0
185000, 1009841, 1, 0, 0
186000, 975932, 1, 0, 0
187001, 1021056, 1, 0, 0
188000, 1021925, 1, 0, 0
189000, 995152, 1, 0, 0
190001, 1001136, 1, 0, 0
191000, 856812, 1, 0, 0
192000, 930556, 1, 0, 0
193001, 1016312, 1, 0, 0
194000, 1020540, 1, 0, 0
195001, 1024336, 1, 0, 0
196000, 973953, 1, 0, 0
197001, 1035128, 1, 0, 0
198000, 1013817, 1, 0, 0
199000, 991812, 1, 0, 0
200001, 1006452, 1, 0, 0
201000, 1002610, 1, 0, 0
202000, 997348, 1, 0, 0
203000, 1009545, 1, 0, 0
204000, 1007400, 1, 0, 0
205000, 1005365, 1, 0, 0
206000, 995744, 1, 0, 0
207000, 996320, 1, 0, 0
208000, 986056, 1, 0, 0
209000, 1002074, 1, 0, 0
210000, 1003336, 1, 0, 0
211001, 998604, 1, 0, 0
212000, 875943, 1, 0, 0
213001, 867216, 1, 0, 0
214000, 1023755, 1, 0, 0
215001, 1001000, 1, 0, 0
216000, 1002582, 1, 0, 0
217001, 1020584, 1, 0, 0
218000, 1001753, 1, 0, 0
219000, 1013085, 1, 0, 0
220000, 1014188, 1, 0, 0
221000, 994822, 1, 0, 0
222000, 1009868, 1, 0, 0
223000, 1011687, 1, 0, 0
224001, 1014020, 1, 0, 0
225000, 1011299, 1, 0, 0
226000, 1022032, 1, 0, 0
227000, 1012204, 1, 0, 0
228001, 1012340, 1, 0, 0
229000, 1020040, 1, 0, 0
230000, 1005192, 1, 0, 0
231001, 1003848, 1, 0, 0
232000, 999335, 1, 0, 0
233001, 910144, 1, 0, 0
234000, 891783, 1, 0, 0
235001, 1008832, 1, 0, 0
236001, 1022278, 1, 0, 0
237000, 991199, 1, 0, 0
238001, 1019984, 1, 0, 0
239000, 998278, 1, 0, 0
240001, 994064, 1, 0, 0
241000, 999375, 1, 0, 0
242001, 1001268, 1, 0, 0
243000, 996956, 1, 0, 0
244001, 1001932, 1, 0, 0
245000, 1011643, 1, 0, 0
246001, 1009924, 1, 0, 0
247000, 1001597, 1, 0, 0
248001, 1009700, 1, 0, 0
249000, 1017449, 1, 0, 0
250001, 968876, 1, 0, 0
1000, 987300, 1, 0, 0
2000, 1043859, 1, 0, 0
3000, 1004964, 1, 0, 0
4000, 982268, 1, 0, 0
5000, 1005793, 1, 0, 0
6000, 993340, 1, 0, 0
6999, 1019871, 1, 0, 0
8000, 979904, 1, 0, 0
9000, 999356, 1, 0, 0
10000, 1002122, 1, 0, 0
11000, 976584, 1, 0, 0
12000, 987692, 1, 0, 0
13000, 1005421, 1, 0, 0
14000, 983576, 1, 0, 0
14999, 1008820, 1, 0, 0
16000, 991540, 1, 0, 0
17000, 978284, 1, 0, 0
17999, 1007579, 1, 0, 0
19000, 1003596, 1, 0, 0
20000, 986552, 1, 0, 0
21000, 1001057, 1, 0, 0
22000, 995444, 1, 0, 0
22999, 1097373, 1, 0, 0
24000, 986888, 1, 0, 0
25000, 989608, 1, 0, 0
26000, 993393, 1, 0, 0
27000, 984392, 1, 0, 0
27999, 1007463, 1, 0, 0
29000, 993612, 1, 0, 0
30000, 975788, 1, 0, 0
31000, 987519, 1, 0, 0
32000, 1000824, 1, 0, 0
32999, 965317, 1, 0, 0
34000, 992208, 1, 0, 0
35000, 1001752, 1, 0, 0
36000, 967091, 1, 0, 0
37000, 975852, 1, 0, 0
37999, 995479, 1, 0, 0
39000, 995856, 1, 0, 0
40000, 999948, 1, 0, 0
40999, 998594, 1, 0, 0
42000, 1001708, 1, 0, 0
43000, 989428, 1, 0, 0
44000, 1081709, 1, 0, 0
45000, 1012692, 1, 0, 0
45999, 994406, 1, 0, 0
47000, 985632, 1, 0, 0
48000, 1000000, 1, 0, 0
49000, 977925, 1, 0, 0
50000, 980208, 1, 0, 0
51000, 1014056, 1, 0, 0
52000, 977381, 1, 0, 0
53000, 999700, 1, 0, 0
53999, 1001849, 1, 0, 0
55000, 962144, 1, 0, 0
56000, 993048, 1, 0, 0
57000, 971903, 1, 0, 0
58000, 1023396, 1, 0, 0
59000, 984380, 1, 0, 0
60000, 992156, 1, 0, 0
61000, 991440, 1, 0, 0
62000, 971812, 1, 0, 0
63000, 983199, 1, 0, 0
64000, 1008684, 1, 0, 0
65000, 1054508, 1, 0, 0
66000, 994706, 1, 0, 0
67000, 1001724, 1, 0, 0
68000, 985108, 1, 0, 0
69000, 1004792, 1, 0, 0
70000, 1001044, 1, 0, 0
71000, 984012, 1, 0, 0
72000, 999424, 1, 0, 0
73000, 997260, 1, 0, 0
74000, 984808, 1, 0, 0
75000, 981812, 1, 0, 0
76000, 983343, 1, 0, 0
77000, 1006080, 1, 0, 0
77999, 976928, 1, 0, 0
79000, 1005004, 1, 0, 0
80000, 1000612, 1, 0, 0
81000, 979647, 1, 0, 0
82000, 980896, 1, 0, 0
83000, 1013952, 1, 0, 0
84000, 970186, 1, 0, 0
85000, 998944, 1, 0, 0
86000, 1073404, 1, 0, 0
87000, 979015, 1, 0, 0
88000, 993212, 1, 0, 0
89000, 996020, 1, 0, 0
90000, 989992, 1, 0, 0
91000, 986824, 1, 0, 0
92000, 1002110, 1, 0, 0
93000, 1009972, 1, 0, 0
94000, 988500, 1, 0, 0
95000, 986764, 1, 0, 0
96000, 1002504, 1, 0, 0
97000, 988940, 1, 0, 0
98000, 995064, 1, 0, 0
99000, 997220, 1, 0, 0
100000, 972568, 1, 0, 0
101000, 993920, 1, 0, 0
102000, 1005809, 1, 0, 0
103000, 977476, 1, 0, 0
104000, 1000896, 1, 0, 0
105000, 993521, 1, 0, 0
106000, 996356, 1, 0, 0
107000, 1101917, 1, 0, 0
108000, 995424, 1, 0, 0
109000, 978040, 1, 0, 0
110000, 1004632, 1, 0, 0
111000, 981768, 1, 0, 0
112000, 1024340, 1, 0, 0
113000, 976536, 1, 0, 0
114000, 980124, 1, 0, 0
115000, 1001496, 1, 0, 0
116000, 983492, 1, 0, 0
117000, 1004868, 1, 0, 0
118000, 999016, 1, 0, 0
119001, 986092, 1, 0, 0
120000, 985757, 1, 0, 0
121000, 1007276, 1, 0, 0
122000, 989736, 1, 0, 0
123000, 992228, 1, 0, 0
124000, 991860, 1, 0, 0
125000, 987672, 1, 0, 0
126000, 995291, 1, 0, 0
127000, 992628, 1, 0, 0
128000, 1196496, 1, 0, 0
129000, 966942, 1, 0, 0
130000, 979376, 1, 0, 0
131001, 992756, 1, 0, 0
132000, 974570, 1, 0, 0
133000, 976432, 1, 0, 0
134000, 984364, 1, 0, 0
135000, 977932, 1, 0, 0
136001, 983724, 1, 0, 0
137000, 984872, 1, 0, 0
138000, 958744, 1, 0, 0
139000, 997421, 1, 0, 0
140000, 1002420, 1, 0, 0
141001, 985748, 1, 0, 0
142000, 1001553, 1, 0, 0
143000, 999840, 1, 0, 0
144000, 997616, 1, 0, 0
145001, 967172, 1, 0, 0
146000, 989641, 1, 0, 0
147000, 1010900, 1, 0, 0
148000, 962880, 1, 0, 0
149001, 1193936, 1, 0, 0
150000, 993105, 1, 0, 0
151001, 986508, 1, 0, 0
152000, 1000644, 1, 0, 0
153000, 1012180, 1, 0, 0
154000, 972188, 1, 0, 0
155000, 978920, 1, 0, 0
156001, 986892, 1, 0, 0
157000, 980116, 1, 0, 0
158001, 999892, 1, 0, 0
159001, 992916, 1, 0, 0
160000, 979739, 1, 0, 0
161001, 987088, 1, 0, 0
162000, 995399, 1, 0, 0
163000, 1007840, 1, 0, 0
164001, 969532, 1, 0, 0
165000, 985421, 1, 0, 0
166000, 995792, 1, 0, 0
167001, 968728, 1, 0, 0
168000, 981805, 1, 0, 0
169000, 1010236, 1, 0, 0
170000, 1232828, 1, 0, 0
171001, 978664, 1, 0, 0
172000, 996644, 1, 0, 0
173001, 968444, 1, 0, 0
174000, 985301, 1, 0, 0
175001, 982880, 1, 0, 0
176000, 969673, 1, 0, 0
177000, 992652, 1, 0, 0
178001, 971200, 1, 0, 0
179000, 1001821, 1, 0, 0
180000, 961420, 1, 0, 0
181001, 983908, 1, 0, 0
182000, 1005457, 1, 0, 0
183000, 978160, 1, 0, 0
184001, 985128, 1, 0, 0
185000, 1007755, 1, 0, 0
186000, 975156, 1, 0, 0
187001, 976952, 1, 0, 0
188000, 996220, 1, 0, 0
189000, 968988, 1, 0, 0
190001, 985868, 1, 0, 0
191000, 1258374, 1, 0, 0
192000, 1004556, 1, 0, 0
193001, 978752, 1, 0, 0
194000, 983235, 1, 0, 0
195001, 984980, 1, 0, 0
196000, 982970, 1, 0, 0
197001, 978300, 1, 0, 0
198000, 993001, 1, 0, 0
199000, 947648, 1, 0, 0
200001, 975728, 1, 0, 0
201000, 1013965, 1, 0, 0
202001, 966896, 1, 0, 0
203000, 977717, 1, 0, 0
204000, 999228, 1, 0, 0
205000, 968676, 1, 0, 0
206000, 977572, 1, 0, 0
207000, 997777, 1, 0, 0
208000, 981040, 1, 0, 0
209000, 1000328, 1, 0, 0
210000, 1009268, 1, 0, 0
211001, 975936, 1, 0, 0
212000, 1268620, 1, 0, 0
213001, 1031832, 1, 0, 0
214000, 991435, 1, 0, 0
215001, 951292, 1, 0, 0
216000, 1000700, 1, 0, 0
217001, 1004248, 1, 0, 0
218000, 956152, 1, 0, 0
219000, 993757, 1, 0, 0
220000, 981960, 1, 0, 0
221000, 974434, 1, 0, 0
222001, 977856, 1, 0, 0
223000, 992352, 1, 0, 0
224001, 968076, 1, 0, 0
225000, 991279, 1, 0, 0
226001, 986864, 1, 0, 0
227000, 961957, 1, 0, 0
228001, 975396, 1, 0, 0
229000, 977617, 1, 0, 0
230000, 990096, 1, 0, 0
231001, 966740, 1, 0, 0
232000, 993929, 1, 0, 0
233001, 1300896, 1, 0, 0
234000, 1010834, 1, 0, 0
235001, 976552, 1, 0, 0
236001, 994014, 1, 0, 0
237000, 949997, 1, 0, 0
238001, 956932, 1, 0, 0
239000, 995551, 1, 0, 0
240001, 960780, 1, 0, 0
241000, 987431, 1, 0, 0
242001, 987276, 1, 0, 0
243000, 975975, 1, 0, 0
244001, 979560, 1, 0, 0
245000, 983527, 1, 0, 0
246001, 960460, 1, 0, 0
247000, 987755, 1, 0, 0
248001, 990120, 1, 0, 0
249000, 985393, 1, 0, 0
250001, 970248, 1, 0, 0
1000, 979816, 1, 0, 0
1999, 1023567, 1, 0, 0
3000, 1007200, 1, 0, 0
4000, 984368, 1, 0, 0
5000, 981957, 1, 0, 0
6000, 1007500, 1, 0, 0
6999, 1002086, 1, 0, 0
8000, 975380, 1, 0, 0
9000, 983236, 1, 0, 0
9999, 1018590, 1, 0, 0
11000, 979520, 1, 0, 0
12000, 1003636, 1, 0, 0
13000, 1008156, 1, 0, 0
14000, 973748, 1, 0, 0
14999, 990770, 1, 0, 0
16000, 981132, 1, 0, 0
17000, 982068, 1, 0, 0
17999, 999503, 1, 0, 0
19000, 1006012, 1, 0, 0
20000, 990052, 1, 0, 0
20999, 988844, 1, 0, 0
22000, 995208, 1, 0, 0
22999, 982338, 1, 0, 0
24000, 998840, 1, 0, 0
25000, 997076, 1, 0, 0
26000, 1019963, 1, 0, 0
27000, 968064, 1, 0, 0
27999, 988312, 1, 0, 0
29000, 1018100, 1, 0, 0
30000, 994108, 1, 0, 0
31000, 986054, 1, 0, 0
32000, 1001084, 1, 0, 0
32999, 1000736, 1, 0, 0
34000, 990328, 1, 0, 0
35000, 1000208, 1, 0, 0
35999, 993061, 1, 0, 0
37000, 1010100, 1, 0, 0
37999, 986970, 1, 0, 0
39000, 985936, 1, 0, 0
40000, 994896, 1, 0, 0
40999, 1001213, 1, 0, 0
42000, 1011968, 1, 0, 0
43000, 985832, 1, 0, 0
44000, 1015343, 1, 0, 0
45000, 1003648, 1, 0, 0
45999, 969925, 1, 0, 0
47000, 998860, 1, 0, 0
48000, 1001984, 1, 0, 0
49000, 982166, 1, 0, 0
50000, 999504, 1, 0, 0
51000, 1013296, 1, 0, 0
52000, 976992, 1, 0, 0
53000, 1010564, 1, 0, 0
53999, 1004580, 1, 0, 0
55000, 990624, 1, 0, 0
56000, 991568, 1, 0, 0
56999, 992880, 1, 0, 0
58000, 982176, 1, 0, 0
59000, 984996, 1, 0, 0
60000, 996116, 1, 0, 0
61000, 1003796, 1, 0, 0
62000, 986980, 1, 0, 0
63000, 995523, 1, 0, 0
64000, 1003456, 1, 0, 0
65000, 992056, 1, 0, 0
66000, 1000344, 1, 0, 0
67000, 1001728, 1, 0, 0
68000, 979888, 1, 0, 0
69000, 991635, 1, 0, 0
70000, 999884, 1, 0, 0
70999, 991627, 1, 0, 0
72000, 998656, 1, 0, 0
73000, 998852, 1, 0, 0
74000, 996312, 1, 0, 0
75000, 993292, 1, 0, 0
76000, 1002818, 1, 0, 0
77000, 1012820, 1, 0, 0
77999, 971283, 1, 0, 0
79000, 993708, 1, 0, 0
80000, 989996, 1, 0, 0
81000, 974578, 1, 0, 0
82000, 999520, 1, 0, 0
83000, 1002140, 1, 0, 0
84000, 984080, 1, 0, 0
85000, 998392, 1, 0, 0
86000, 979116, 1, 0, 0
87000, 988984, 1, 0, 0
88000, 1001284, 1, 0, 0
89000, 1003279, 1, 0, 0
90000, 991780, 1, 0, 0
91000, 1007312, 1, 0, 0
92000, 994258, 1, 0, 0
93000, 1008712, 1, 0, 0
93999, 972044, 1, 0, 0
95000, 998540, 1, 0, 0
96000, 994236, 1, 0, 0
97000, 969829, 1, 0, 0
98000, 998064, 1, 0, 0
99000, 1021084, 1, 0, 0
100000, 977685, 1, 0, 0
101000, 1008552, 1, 0, 0
102000, 1002398, 1, 0, 0
103000, 995252, 1, 0, 0
104000, 986600, 1, 0, 0
105000, 1010882, 1, 0, 0
106000, 994484, 1, 0, 0
107000, 991847, 1, 0, 0
108000, 1017092, 1, 0, 0
109000, 990316, 1, 0, 0
110000, 1006490, 1, 0, 0
111000, 999852, 1, 0, 0
112000, 1001617, 1, 0, 0
113000, 970784, 1, 0, 0
114000, 997761, 1, 0, 0
115000, 1003332, 1, 0, 0
116000, 963204, 1, 0, 0
117000, 993669, 1, 0, 0
118000, 1014544, 1, 0, 0
119000, 997632, 1, 0, 0
120000, 996844, 1, 0, 0
121000, 1006220, 1, 0, 0
122000, 984916, 1, 0, 0
123000, 988284, 1, 0, 0
124000, 1007488, 1, 0, 0
125000, 981136, 1, 0, 0
126000, 1010746, 1, 0, 0
127000, 997172, 1, 0, 0
128000, 1004324, 1, 0, 0
129000, 972080, 1, 0, 0
130000, 1006792, 1, 0, 0
131001, 992296, 1, 0, 0
132000, 980208, 1, 0, 0
133000, 1008600, 1, 0, 0
134000, 996904, 1, 0, 0
135000, 981180, 1, 0, 0
136001, 979620, 1, 0, 0
137000, 1008608, 1, 0, 0
138000, 988236, 1, 0, 0
139000, 1001193, 1, 0, 0
140000, 986768, 1, 0, 0
141001, 986452, 1, 0, 0
142000, 1006954, 1, 0, 0
143000, 986788, 1, 0, 0
144000, 1012404, 1, 0, 0
145001, 974456, 1, 0, 0
146000, 1006978, 1, 0, 0
147000, 998428, 1, 0, 0
148000, 983600, 1, 0, 0
149001, 956760, 1, 0, 0
150000, 1026758, 1, 0, 0
151001, 993100, 1, 0, 0
152000, 984928, 1, 0, 0
153000, 1015928, 1, 0, 0
154000, 994902, 1, 0, 0
155000, 1008664, 1, 0, 0
156001, 998188, 1, 0, 0
157000, 976424, 1, 0, 0
158000, 991756, 1, 0, 0
159001, 991248, 1, 0, 0
160000, 986958, 1, 0, 0
161001, 995260, 1, 0, 0
162000, 997233, 1, 0, 0
163000, 1015312, 1, 0, 0
164001, 975572, 1, 0, 0
165000, 993693, 1, 0, 0
166000, 1003772, 1, 0, 0
167001, 1009796, 1, 0, 0
168000, 989241, 1, 0, 0
169000, 991220, 1, 0, 0
170000, 903996, 1, 0, 0
171001, 1011780, 1, 0, 0
172000, 1006042, 1, 0, 0
173001, 991048, 1, 0, 0
174000, 988328, 1, 0, 0
175000, 1003816, 1, 0, 0
176000, 996628, 1, 0, 0
177000, 986548, 1, 0, 0
178001, 1025124, 1, 0, 0
179000, 1008936, 1, 0, 0
180000, 975020, 1, 0, 0
181001, 1009944, 1, 0, 0
182000, 1002898, 1, 0, 0
183000, 989616, 1, 0, 0
184001, 1009568, 1, 0, 0
185000, 1001349, 1, 0, 0
186000, 987220, 1, 0, 0
187001, 998676, 1, 0, 0
188000, 1005813, 1, 0, 0
189000, 990644, 1, 0, 0
190001, 987756, 1, 0, 0
191000, 907683, 1, 0, 0
192000, 1012200, 1, 0, 0
193001, 1006180, 1, 0, 0
194000, 1001785, 1, 0, 0
195001, 1004236, 1, 0, 0
196000, 995467, 1, 0, 0
197001, 994440, 1, 0, 0
198000, 1002238, 1, 0, 0
199000, 997528, 1, 0, 0
200001, 996848, 1, 0, 0
201000, 1000924, 1, 0, 0
202000, 977640, 1, 0, 0
203000, 1001621, 1, 0, 0
204000, 1007908, 1, 0, 0
205000, 990514, 1, 0, 0
206000, 1018924, 1, 0, 0
207000, 996844, 1, 0, 0
208000, 990136, 1, 0, 0
209000, 993997, 1, 0, 0
210000, 989528, 1, 0, 0
211001, 990968, 1, 0, 0
212000, 871191, 1, 0, 0
213001, 1055348, 1, 0, 0
214000, 1010294, 1, 0, 0
215001, 991984, 1, 0, 0
216000, 1003079, 1, 0, 0
217001, 1002396, 1, 0, 0
218000, 992248, 1, 0, 0
219000, 1001205, 1, 0, 0
220000, 1016136, 1, 0, 0
221000, 987467, 1, 0, 0
222000, 998316, 1, 0, 0
223000, 1019351, 1, 0, 0
224001, 973616, 1, 0, 0
225000, 993249, 1, 0, 0
226000, 1008212, 1, 0, 0
227000, 997221, 1, 0, 0
228001, 987580, 1, 0, 0
229000, 1008016, 1, 0, 0
230000, 1019012, 1, 0, 0
231001, 966016, 1, 0, 0
232000, 999863, 1, 0, 0
233001, 900780, 1, 0, 0
234000, 987203, 1, 0, 0
235001, 993888, 1, 0, 0
236000, 1014506, 1, 0, 0
237000, 988036, 1, 0, 0
238001, 1009344, 1, 0, 0
239000, 1007383, 1, 0, 0
240001, 981776, 1, 0, 0
241000, 994210, 1, 0, 0
242001, 1007564, 1, 0, 0
243000, 994014, 1, 0, 0
244001, 1010944, 1, 0, 0
245000, 1010690, 1, 0, 0
246001, 996112, 1, 0, 0
247000, 1002842, 1, 0, 0
248001, 1000992, 1, 0, 0
249000, 1025833, 1, 0, 0
250001, 985884, 1, 0, 0
1000, 1006000, 1, 0, 0
2000, 1015712, 1, 0, 0
2999, 997509, 1, 0, 0
4000, 1011628, 1, 0, 0
5000, 992480, 1, 0, 0
6000, 987656, 1, 0, 0
6999, 993773, 1, 0, 0
8000, 1001220, 1, 0, 0
9000, 983756, 1, 0, 0
10000, 996460, 1, 0, 0
10999, 1003863, 1, 0, 0
12000, 975852, 1, 0, 0
13000, 998852, 1, 0, 0
14000, 1008144, 1, 0, 0
14999, 982630, 1, 0, 0
16000, 1010992, 1, 0, 0
17000, 1001684, 1, 0, 0
18000, 976396, 1, 0, 0
18999, 992828, 1, 0, 0
20000, 990820, 1, 0, 0
21000, 989320, 1, 0, 0
22000, 986588, 1, 0, 0
22999, 1007491, 1, 0, 0
24000, 993764, 1, 0, 0
25000, 997952, 1, 0, 0
26000, 994376, 1, 0, 0
26999, 1006630, 1, 0, 0
28000, 974548, 1, 0, 0
29000, 990616, 1, 0, 0
30000, 992576, 1, 0, 0
30999, 990938, 1, 0, 0
32000, 984696, 1, 0, 0
33000, 1001552, 1, 0, 0
34000, 999480, 1, 0, 0
34999, 996340, 1, 0, 0
36000, 1016800, 1, 0, 0
37000, 1005048, 1, 0, 0
38000, 990412, 1, 0, 0
38999, 1010430, 1, 0, 0
40000, 995108, 1, 0, 0
41000, 972644, 1, 0, 0
42000, 993324, 1, 0, 0
42999, 1005245, 1, 0, 0
44000, 945308, 1, 0, 0
45000, 991588, 1, 0, 0
46000, 1013432, 1, 0, 0
46999, 982110, 1, 0, 0
48000, 1014812, 1, 0, 0
49000, 1024312, 1, 0, 0
50000, 997708, 1, 0, 0
50999, 1001149, 1, 0, 0
52000, 1001184, 1, 0, 0
53000, 982784, 1, 0, 0
54000, 997784, 1, 0, 0
54999, 992064, 1, 0, 0
56000, 989760, 1, 0, 0
57000, 1023704, 1, 0, 0
58000, 1010028, 1, 0, 0
58999, 974994, 1, 0, 0
60000, 1001500, 1, 0, 0
61000, 997540, 1, 0, 0
62000, 1018612, 1, 0, 0
62999, 1001933, 1, 0, 0
64000, 1014924, 1, 0, 0
65000, 1045988, 1, 0, 0
66000, 977860, 1, 0, 0
66999, 1015219, 1, 0, 0
68000, 1018000, 1, 0, 0
69000, 990908, 1, 0, 0
69999, 985109, 1, 0, 0
71000, 987564, 1, 0, 0
72000, 996600, 1, 0, 0
73000, 996156, 1, 0, 0
73999, 989625, 1, 0, 0
75000, 985092, 1, 0, 0
76000, 987064, 1, 0, 0
77000, 990832, 1, 0, 0
78000, 1007668, 1, 0, 0
78999, 979919, 1, 0, 0
80000, 1008776, 1, 0, 0
81000, 1011704, 1, 0, 0
82000, 993440, 1, 0, 0
83000, 988236, 1, 0, 0
83999, 1006110, 1, 0, 0
85000, 993964, 1, 0, 0
86000, 1062912, 1, 0, 0
87000, 1008840, 1, 0, 0
87999, 977461, 1, 0, 0
89000, 992788, 1, 0, 0
90000, 1013064, 1, 0, 0
91000, 981492, 1, 0, 0
92000, 998932, 1, 0, 0
92999, 1003255, 1, 0, 0
94000, 991336, 1, 0, 0
95000, 984164, 1, 0, 0
96000, 1008512, 1, 0, 0
97000, 1002692, 1, 0, 0
97999, 966238, 1, 0, 0
99000, 985332, 1, 0, 0
100000, 1004216, 1, 0, 0
101000, 983548, 1, 0, 0
102000, 996288, 1, 0, 0
102999, 1005473, 1, 0, 0
104000, 987504, 1, 0, 0
105000, 980960, 1, 0, 0
106000, 988556, 1, 0, 0
107000, 1028716, 1, 0, 0
107999, 991907, 1, 0, 0
109000, 1005988, 1, 0, 0
110000, 990116, 1, 0, 0
111000, 1003132, 1, 0, 0
112000, 1004376, 1, 0, 0
112999, 1008148, 1, 0, 0
114000, 987088, 1, 0, 0
115000, 997944, 1, 0, 0
116000, 1009436, 1, 0, 0
117000, 976016, 1, 0, 0
117999, 1003931, 1, 0, 0
119000, 995356, 1, 0, 0
120000, 976648, 1, 0, 0
121000, 980712, 1, 0, 0
122000, 999080, 1, 0, 0
122999, 982374, 1, 0, 0
124000, 1010116, 1, 0, 0
125000, 991292, 1, 0, 0
126000, 997068, 1, 0, 0
127000, 989504, 1, 0, 0
127999, 1059411, 1, 0, 0
129000, 984960, 1, 0, 0
130000, 997868, 1, 0, 0
131000, 1006236, 1, 0, 0
132000, 1006460, 1, 0, 0
132999, 982854, 1, 0, 0
134000, 1016364, 1, 0, 0
135000, 1003908, 1, 0, 0
136000, 977004, 1, 0, 0
137000, 997516, 1, 0, 0
137999, 1017285, 1, 0, 0
139000, 984688, 1, 0, 0
140000, 989448, 1, 0, 0
141000, 999424, 1, 0, 0
142000, 970340, 1, 0, 0
142999, 1001909, 1, 0, 0
144000, 997932, 1, 0, 0
145000, 982424, 1, 0, 0
146000, 989920, 1, 0, 0
147000, 1006748, 1, 0, 0
147999, 1006370, 1, 0, 0
149000, 1068052, 1, 0, 0
150000, 981176, 1, 0, 0
151000, 1018388, 1, 0, 0
152000, 983628, 1, 0, 0
152999, 983271, 1, 0, 0
154000, 999416, 1, 0, 0
155000, 982244, 1, 0, 0
156000, 993736, 1, 0, 0
157000, 1000488, 1, 0, 0
157999, 982450, 1, 0, 0
159000, 984296, 1, 0, 0
160000, 992048, 1, 0, 0
161000, 991880, 1, 0, 0
162000, 996628, 1, 0, 0
162999, 995487, 1, 0, 0
164000, 1000160, 1, 0, 0
165000, 993532, 1, 0, 0
166000, 1005088, 1, 0, 0
167000, 1006988, 1, 0, 0
167999, 985797, 1, 0, 0
169000, 989716, 1, 0, 0
170000, 1121232, 1, 0, 0
171000, 980580, 1, 0, 0
172000, 1008168, 1, 0, 0
173000, 1006592, 1, 0, 0
173999, 978926, 1, 0, 0
175000, 996556, 1, 0, 0
176000, 1010200, 1, 0, 0
177000, 980336, 1, 0, 0
178000, 985824, 1, 0, 0
178999, 989385, 1, 0, 0
180000, 988076, 1, 0, 0
181000, 988936, 1, 0, 0
182000, 983976, 1, 0, 0
183000, 1002592, 1, 0, 0
183999, 970454, 1, 0, 0
185000, 990336, 1, 0, 0
186000, 1016228, 1, 0, 0
187000, 962156, 1, 0, 0
188000, 980792, 1, 0, 0
188999, 1027327, 1, 0, 0
189999, 974832, 1, 0, 0
191000, 1128364, 1, 0, 0
192000, 990344, 1, 0, 0
193000, 985624, 1, 0, 0
193999, 988540, 1, 0, 0
195000, 983132, 1, 0, 0
196000, 980180, 1, 0, 0
197000, 997448, 1, 0, 0
198000, 1010260, 1, 0, 0
198999, 981393, 1, 0, 0
200000, 997860, 1, 0, 0
201000, 995184, 1, 0, 0
202000, 1005744, 1, 0, 0
202999, 983483, 1, 0, 0
204000, 972508, 1, 0, 0
205000, 1001276, 1, 0, 0
206000, 978468, 1, 0, 0
206999, 990326, 1, 0, 0
208000, 1009208, 1, 0, 0
209000, 983280, 1, 0, 0
210000, 982528, 1, 0, 0
211000, 992264, 1, 0, 0
211999, 1111883, 1, 0, 0
213000, 999736, 1, 0, 0
214000, 999936, 1, 0, 0
215000, 974668, 1, 0, 0
215999, 980656, 1, 0, 0
217000, 988356, 1, 0, 0
218000, 1004576, 1, 0, 0
219000, 974760, 1, 0, 0
220000, 981724, 1, 0, 0
220999, 1003591, 1, 0, 0
222000, 971544, 1, 0, 0
223000, 981012, 1, 0, 0
224000, 999540, 1, 0, 0
225000, 969284, 1, 0, 0
225999, 972572, 1, 0, 0
227000, 1018716, 1, 0, 0
228000, 974864, 1, 0, 0
229000, 1000644, 1, 0, 0
230000, 1005500, 1, 0, 0
230999, 982186, 1, 0, 0
232000, 998224, 1, 0, 0
233000, 1077156, 1, 0, 0
234000, 996724, 1, 0, 0
234999, 993249, 1, 0, 0
236000, 997332, 1, 0, 0
237000, 1018796, 1, 0, 0
238000, 993792, 1, 0, 0
239000, 993636, 1, 0, 0
239999, 1030310, 1, 0, 0
241000, 974980, 1, 0, 0
242000, 994348, 1, 0, 0
243000, 992388, 1, 0, 0
244000, 974464, 1, 0, 0
244999, 997213, 1, 0, 0
246000, 991080, 1, 0, 0
247000, 982624, 1, 0, 0
248000, 974668, 1, 0, 0
248999, 1006310, 1, 0, 0
250000, 988636, 1, 0, 0
1000, 974924, 1, 0, 0
2000, 924392, 1, 0, 0
2999, 996204, 1, 0, 0
4000, 1003824, 1, 0, 0
5000, 989948, 1, 0, 0
6000, 1007740, 1, 0, 0
6999, 1003803, 1, 0, 0
8000, 1018716, 1, 0, 0
9000, 984572, 1, 0, 0
10000, 1000588, 1, 0, 0
10999, 1015919, 1, 0, 0
11999, 991564, 1, 0, 0
13000, 992496, 1, 0, 0
14000, 1014980, 1, 0, 0
14999, 981257, 1, 0, 0
16000, 1015516, 1, 0, 0
17000, 1011760, 1, 0, 0
18000, 981996, 1, 0, 0
18999, 998894, 1, 0, 0
19999, 1007228, 1, 0, 0
21000, 991080, 1, 0, 0
22000, 1005956, 1, 0, 0
22999, 910458, 1, 0, 0
23999, 1010196, 1, 0, 0
25000, 1009748, 1, 0, 0
26000, 1016056, 1, 0, 0
26999, 1021265, 1, 0, 0
27999, 982984, 1, 0, 0
29000, 1006708, 1, 0, 0
30000, 1020872, 1, 0, 0
30999, 997625, 1, 0, 0
31999, 1011196, 1, 0, 0
33000, 1013660, 1, 0, 0
34000, 982832, 1, 0, 0
34999, 1010390, 1, 0, 0
35999, 993672, 1, 0, 0
37000, 982916, 1, 0, 0
38000, 1012144, 1, 0, 0
38999, 985673, 1, 0, 0
40000, 980852, 1, 0, 0
41000, 1028536, 1, 0, 0
42000, 1012160, 1, 0, 0
42999, 1002070, 1, 0, 0
43999, 938876, 1, 0, 0
45000, 1009280, 1, 0, 0
46000, 1006300, 1, 0, 0
46999, 988628, 1, 0, 0
47999, 990848, 1, 0, 0
49000, 1005488, 1, 0, 0
50000, 977396, 1, 0, 0
50999, 981989, 1, 0, 0
52000, 1020724, 1, 0, 0
53000, 973768, 1, 0, 0
54000, 1000684, 1, 0, 0
54999, 1020620, 1, 0, 0
56000, 997340, 1, 0, 0
57000, 1001472, 1, 0, 0
58000, 992628, 1, 0, 0
58999, 1009649, 1, 0, 0
60000, 1000788, 1, 0, 0
61000, 1007764, 1, 0, 0
62000, 1006772, 1, 0, 0
62999, 975575, 1, 0, 0
63999, 973332, 1, 0, 0
65000, 907368, 1, 0, 0
66000, 997340, 1, 0, 0
66999, 998974, 1, 0, 0
67999, 1000444, 1, 0, 0
69000, 988968, 1, 0, 0
69999, 1015723, 1, 0, 0
70999, 1016508, 1, 0, 0
72000, 983244, 1, 0, 0
73000, 1001600, 1, 0, 0
73999, 1013621, 1, 0, 0
74999, 994624, 1, 0, 0
76000, 1012092, 1, 0, 0
77000, 1012868, 1, 0, 0
78000, 1003128, 1, 0, 0
78999, 989761, 1, 0, 0
80000, 1002044, 1, 0, 0
81000, 1001240, 1, 0, 0
82000, 991524, 1, 0, 0
83000, 1016720, 1, 0, 0
83999, 1015691, 1, 0, 0
84999, 969744, 1, 0, 0
86000, 936384, 1, 0, 0
87000, 1007828, 1, 0, 0
87999, 995939, 1, 0, 0
88999, 1005412, 1, 0, 0
90000, 998860, 1, 0, 0
91000, 996792, 1, 0, 0
92000, 993388, 1, 0, 0
92999, 999427, 1, 0, 0
94000, 982752, 1, 0, 0
95000, 1017364, 1, 0, 0
96000, 993404, 1, 0, 0
97000, 1008056, 1, 0, 0
97999, 982518, 1, 0, 0
99000, 1011604, 1, 0, 0
100000, 1011264, 1, 0, 0
101000, 974996, 1, 0, 0
102000, 999180, 1, 0, 0
102999, 1002686, 1, 0, 0
104000, 993572, 1, 0, 0
105000, 1000040, 1, 0, 0
106000, 1000856, 1, 0, 0
107000, 877712, 1, 0, 0
107999, 1000304, 1, 0, 0
108999, 1000860, 1, 0, 0
110000, 984516, 1, 0, 0
111000, 1007680, 1, 0, 0
112000, 985448, 1, 0, 0
112999, 1024308, 1, 0, 0
113999, 993908, 1, 0, 0
115000, 997384, 1, 0, 0
116000, 1013176, 1, 0, 0
117000, 976696, 1, 0, 0
117999, 991487, 1, 0, 0
119000, 999644, 1, 0, 0
120000, 998272, 1, 0, 0
121000, 1011620, 1, 0, 0
122000, 1012844, 1, 0, 0
122999, 997649, 1, 0, 0
124000, 985344, 1, 0, 0
125000, 1011260, 1, 0, 0
126000, 974320, 1, 0, 0
127000, 1014056, 1, 0, 0
127999, 811795, 1, 0, 0
128999, 1019048, 1, 0, 0
130000, 1012100, 1, 0, 0
131000, 1018996, 1, 0, 0
132000, 1010228, 1, 0, 0
132999, 990394, 1, 0, 0
134000, 1001840, 1, 0, 0
135000, 1028264, 1, 0, 0
136000, 1008476, 1, 0, 0
137000, 1007256, 1, 0, 0
137999, 1001329, 1, 0, 0
139000, 989444, 1, 0, 0
140000, 1003392, 1, 0, 0
141000, 1008440, 1, 0, 0
142000, 1011552, 1, 0, 0
142999, 988000, 1, 0, 0
143999, 1009284, 1, 0, 0
145000, 1000712, 1, 0, 0
146000, 1001948, 1, 0, 0
147000, 1003160, 1, 0, 0
147999, 1011339, 1, 0, 0
148999, 781708, 1, 0, 0
150000, 1015140, 1, 0, 0
151000, 999568, 1, 0, 0
152000, 975820, 1, 0, 0
152999, 999055, 1, 0, 0
153999, 1020808, 1, 0, 0
155000, 995188, 1, 0, 0
156000, 1006780, 1, 0, 0
157000, 1026856, 1, 0, 0
157999, 994142, 1, 0, 0
158999, 1015232, 1, 0, 0
160000, 1022012, 1, 0, 0
161000, 988520, 1, 0, 0
162000, 998120, 1, 0, 0
162999, 1009189, 1, 0, 0
163999, 998372, 1, 0, 0
165000, 999292, 1, 0, 0
166000, 998420, 1, 0, 0
167000, 1016004, 1, 0, 0
167999, 986394, 1, 0, 0
168999, 1006964, 1, 0, 0
170000, 777760, 1, 0, 0
171000, 996984, 1, 0, 0
172000, 1002764, 1, 0, 0
173000, 1007852, 1, 0, 0
173999, 1009393, 1, 0, 0
175000, 1013604, 1, 0, 0
176000, 1011496, 1, 0, 0
177000, 993432, 1, 0, 0
178000, 1016304, 1, 0, 0
178999, 1021137, 1, 0, 0
179999, 1005148, 1, 0, 0
181000, 990692, 1, 0, 0
182000, 1021604, 1, 0, 0
183000, 1004984, 1, 0, 0
183999, 985281, 1, 0, 0
184999, 1003712, 1, 0, 0
186000, 1008264, 1, 0, 0
187000, 1015100, 1, 0, 0
188000, 1014516, 1, 0, 0
188999, 1004196, 1, 0, 0
189999, 1004164, 1, 0, 0
191000, 719808, 1, 0, 0
192000, 1025724, 1, 0, 0
193000, 1002928, 1, 0, 0
193999, 1019531, 1, 0, 0
194999, 1026300, 1, 0, 0
196000, 992528, 1, 0, 0
197000, 1023040, 1, 0, 0
198000, 1009812, 1, 0, 0
198999, 1015439, 1, 0, 0
199999, 1006284, 1, 0, 0
201000, 999388, 1, 0, 0
202000, 1027812, 1, 0, 0
202999, 991003, 1, 0, 0
204000, 1015488, 1, 0, 0
205000, 1021304, 1, 0, 0
206000, 981500, 1, 0, 0
206999, 1005285, 1, 0, 0
207999, 1012176, 1, 0, 0
209000, 995884, 1, 0, 0
210000, 1008484, 1, 0, 0
211000, 1027940, 1, 0, 0
211999, 709601, 1, 0, 0
213000, 993900, 1, 0, 0
214000, 1023248, 1, 0, 0
215000, 1014216, 1, 0, 0
215999, 1012092, 1, 0, 0
216999, 1014392, 1, 0, 0
218000, 1020964, 1, 0, 0
219000, 1006800, 1, 0, 0
220000, 1009676, 1, 0, 0
220999, 1010798, 1, 0, 0
222000, 1001852, 1, 0, 0
223000, 1017956, 1, 0, 0
224000, 1021304, 1, 0, 0
225000, 1007440, 1, 0, 0
225999, 1024048, 1, 0, 0
227000, 1018928, 1, 0, 0
228000, 991732, 1, 0, 0
229000, 1029500, 1, 0, 0
230000, 1005396, 1, 0, 0
230999, 1001137, 1, 0, 0
232000, 1002168, 1, 0, 0
233000, 775512, 1, 0, 0
234000, 1007940, 1, 0, 0
234999, 1017941, 1, 0, 0
235999, 1016376, 1, 0, 0
237000, 1015028, 1, 0, 0
238000, 1001712, 1, 0, 0
239000, 1002684, 1, 0, 0
239999, 1011691, 1, 0, 0
240999, 996244, 1, 0, 0
242000, 1000776, 1, 0, 0
243000, 1015308, 1, 0, 0
244000, 1000788, 1, 0, 0
244999, 1013485, 1, 0, 0
246000, 1018944, 1, 0, 0
247000, 991640, 1, 0, 0
248000, 1023572, 1, 0, 0
248999, 1002682, 1, 0, 0
250000, 987672, 1, 0, 0
1000, 1013388, 1, 0, 0
2000, 1017304, 1, 0, 0
2999, 1003387, 1, 0, 0
4000, 997432, 1, 0, 0
5000, 996848, 1, 0, 0
6000, 999584, 1, 0, 0
6999, 1008236, 1, 0, 0
8000, 1019856, 1, 0, 0
9000, 982076, 1, 0, 0
10000, 992928, 1, 0, 0
10999, 1002346, 1, 0, 0
12000, 969472, 1, 0, 0
13000, 1001036, 1, 0, 0
14000, 1005092, 1, 0, 0
14999, 993657, 1, 0, 0
16000, 978412, 1, 0, 0
17000, 1002648, 1, 0, 0
18000, 990928, 1, 0, 0
18999, 1000728, 1, 0, 0
20000, 1007116, 1, 0, 0
21000, 984104, 1, 0, 0
22000, 1022468, 1, 0, 0
22999, 1064280, 1, 0, 0
24000, 977244, 1, 0, 0
25000, 988596, 1, 0, 0
26000, 988124, 1, 0, 0
26999, 1009961, 1, 0, 0
28000, 993572, 1, 0, 0
29000, 992740, 1, 0, 0
30000, 1001040, 1, 0, 0
30999, 972264, 1, 0, 0
31999, 995232, 1, 0, 0
33000, 986696, 1, 0, 0
34000, 981100, 1, 0, 0
34999, 993433, 1, 0, 0
36000, 987528, 1, 0, 0
37000, 965208, 1, 0, 0
38000, 1001980, 1, 0, 0
38999, 1014334, 1, 0, 0
40000, 994572, 1, 0, 0
41000, 990416, 1, 0, 0
42000, 999412, 1, 0, 0
42999, 1015271, 1, 0, 0
43999, 1047284, 1, 0, 0
45000, 1008348, 1, 0, 0
46000, 1015212, 1, 0, 0
46999, 977037, 1, 0, 0
47999, 994192, 1, 0, 0
49000, 994620, 1, 0, 0
50000, 969460, 1, 0, 0
50999, 1009273, 1, 0, 0
52000, 998504, 1, 0, 0
53000, 990000, 1, 0, 0
54000, 993452, 1, 0, 0
54999, 986834, 1, 0, 0
56000, 984748, 1, 0, 0
57000, 973516, 1, 0, 0
58000, 1011300, 1, 0, 0
58999, 999039, 1, 0, 0
60000, 988324, 1, 0, 0
61000, 997116, 1, 0, 0
62000, 997828, 1, 0, 0
62999, 976556, 1, 0, 0
63999, 1003680, 1, 0, 0
65000, 1079256, 1, 0, 0
66000, 983228, 1, 0, 0
66999, 993249, 1, 0, 0
67999, 1003388, 1, 0, 0
69000, 988736, 1, 0, 0
69999, 994262, 1, 0, 0
71000, 1003056, 1, 0, 0
72000, 988408, 1, 0, 0
73000, 993668, 1, 0, 0
73999, 995739, 1, 0, 0
75000, 982364, 1, 0, 0
76000, 981932, 1, 0, 0
77000, 1004032, 1, 0, 0
78000, 1010844, 1, 0, 0
78999, 984360, 1, 0, 0
80000, 990516, 1, 0, 0
81000, 1009152, 1, 0, 0
82000, 957768, 1, 0, 0
83000, 999352, 1, 0, 0
83999, 993165, 1, 0, 0
85000, 972420, 1, 0, 0
86000, 1038904, 1, 0, 0
87000, 1003056, 1, 0, 0
87999, 984048, 1, 0, 0
88999, 995064, 1, 0, 0
90000, 1002576, 1, 0, 0
91000, 976924, 1, 0, 0
92000, 1005784, 1, 0, 0
92999, 1003047, 1, 0, 0
94000, 1004156, 1, 0, 0
95000, 986852, 1, 0, 0
96000, 994936, 1, 0, 0
97000, 1023272, 1, 0, 0
97999, 976964, 1, 0, 0
99000, 990200, 1, 0, 0
100000, 1006124, 1, 0, 0
101000, 984800, 1, 0, 0
102000, 1008496, 1, 0, 0
102999, 1005897, 1, 0, 0
104000, 979128, 1, 0, 0
105000, 996936, 1, 0, 0
106000, 1011868, 1, 0, 0
107000, 1088652, 1, 0, 0
107999, 987415, 1, 0, 0
109000, 1002908, 1, 0, 0
110000, 988244, 1, 0, 0
111000, 989552, 1, 0, 0
112000, 1012176, 1, 0, 0
112999, 1005405, 1, 0, 0
114000, 952672, 1, 0, 0
115000, 1001128, 1, 0, 0
116000, 1014528, 1, 0, 0
117000, 984204, 1, 0, 0
117999, 988148, 1, 0, 0
119000, 1018628, 1, 0, 0
120000, 974244, 1, 0, 0
121000, 1005364, 1, 0, 0
122000, 1001916, 1, 0, 0
122999, 981901, 1, 0, 0
124000, 986356, 1, 0, 0
125000, 1005060, 1, 0, 0
126000, 990248, 1, 0, 0
127000, 987544, 1, 0, 0
127999, 1147847, 1, 0, 0
128999, 983004, 1, 0, 0
130000, 973464, 1, 0, 0
131000, 998060, 1, 0, 0
132000, 1006324, 1, 0, 0
132999, 960440, 1, 0, 0
134000, 981496, 1, 0, 0
135000, 1005608, 1, 0, 0
136000, 975296, 1, 0, 0
137000, 980524, 1, 0, 0
137999, 984548, 1, 0, 0
139000, 980440, 1, 0, 0
140000, 1004792, 1, 0, 0
141000, 1001328, 1, 0, 0
142000, 980420, 1, 0, 0
142999, 1005829, 1, 0, 0
144000, 997512, 1, 0, 0
145000, 978672, 1, 0, 0
146000, 997664, 1, 0, 0
147000, 999536, 1, 0, 0
147999, 1002566, 1, 0, 0
148999, 1145612, 1, 0, 0
150000, 979840, 1, 0, 0
151000, 1018960, 1, 0, 0
152000, 989932, 1, 0, 0
152999, 997773, 1, 0, 0
153999, 990324, 1, 0, 0
155000, 966920, 1, 0, 0
156000, 993616, 1, 0, 0
157000, 996672, 1, 0, 0
157999, 986906, 1, 0, 0
158999, 998376, 1, 0, 0
160000, 1002644, 1, 0, 0
161000, 973144, 1, 0, 0
162000, 1004968, 1, 0, 0
162999, 992284, 1, 0, 0
163999, 974924, 1, 0, 0
165000, 996076, 1, 0, 0
166000, 984500, 1, 0, 0
167000, 985792, 1, 0, 0
167999, 969573, 1, 0, 0
168999, 1009092, 1, 0, 0
170000, 1200500, 1, 0, 0
171000, 966216, 1, 0, 0
172000, 991420, 1, 0, 0
173000, 1001656, 1, 0, 0
173999, 969917, 1, 0, 0
175000, 981320, 1, 0, 0
176000, 997496, 1, 0, 0
177000, 979472, 1, 0, 0
178000, 971784, 1, 0, 0
178999, 1002566, 1, 0, 0
180000, 968704, 1, 0, 0
181000, 999132, 1, 0, 0
182000, 1002332, 1, 0, 0
183000, 993028, 1, 0, 0
183999, 978234, 1, 0, 0
185000, 996404, 1, 0, 0
186000, 998324, 1, 0, 0
187000, 966936, 1, 0, 0
188000, 992852, 1, 0, 0
188999, 982138, 1, 0, 0
189999, 983072, 1, 0, 0
191000, 1194564, 1, 0, 0
192000, 1009192, 1, 0, 0
193000, 972492, 1, 0, 0
193999, 984292, 1, 0, 0
194999, 1000060, 1, 0, 0
196000, 988004, 1, 0, 0
197000, 978724, 1, 0, 0
198000, 982924, 1, 0, 0
198999, 961945, 1, 0, 0
200000, 983700, 1, 0, 0
201000, 1004876, 1, 0, 0
202000, 996728, 1, 0, 0
202999, 958942, 1, 0, 0
204000, 997896, 1, 0, 0
205000, 991232, 1, 0, 0
206000, 977188, 1, 0, 0
206999, 995263, 1, 0, 0
207999, 1000172, 1, 0, 0
209000, 981840, 1, 0, 0
210000, 999744, 1, 0, 0
211000, 990268, 1, 0, 0
211999, 1199647, 1, 0, 0
213000, 994776, 1, 0, 0
214000, 989872, 1, 0, 0
215000, 971220, 1, 0, 0
215999, 1010574, 1, 0, 0
216999, 994576, 1, 0, 0
218000, 1000984, 1, 0, 0
219000, 962456, 1, 0, 0
220000, 979976, 1, 0, 0
220999, 1009961, 1, 0, 0
222000, 971632, 1, 0, 0
223000, 989760, 1, 0, 0
224000, 1005224, 1, 0, 0
225000, 978100, 1, 0, 0
225999, 989337, 1, 0, 0
227000, 985256, 1, 0, 0
228000, 982956, 1, 0, 0
229000, 965564, 1, 0, 0
230000, 996980, 1, 0, 0
230999, 973465, 1, 0, 0
232000, 992656, 1, 0, 0
233000, 1230100, 1, 0, 0
234000, 970572, 1, 0, 0
234999, 982846, 1, 0, 0
235999, 994284, 1, 0, 0
237000, 978532, 1, 0, 0
238000, 956996, 1, 0, 0
239000, 995100, 1, 0, 0
239999, 990414, 1, 0, 0
240999, 983044, 1, 0, 0
242000, 987156, 1, 0, 0
243000, 1000812, 1, 0, 0
244000, 966672, 1, 0, 0
244999, 983879, 1, 0, 0
246000, 988452, 1, 0, 0
247000, 981412, 1, 0, 0
248000, 1003056, 1, 0, 0
248999, 982650, 1, 0, 0
250000, 994140, 1, 0, 0
1000, 1025828, 1, 0, 0
2000, 1000824, 1, 0, 0
2999, 1001053, 1, 0, 0
4000, 997640, 1, 0, 0
5000, 982808, 1, 0, 0
6000, 998204, 1, 0, 0
6999, 995251, 1, 0, 0
7999, 996712, 1, 0, 0
9000, 967920, 1, 0, 0
10000, 1005660, 1, 0, 0
10999, 1010182, 1, 0, 0
11999, 990048, 1, 0, 0
13000, 998016, 1, 0, 0
14000, 1001208, 1, 0, 0
14999, 976428, 1, 0, 0
15999, 985892, 1, 0, 0
17000, 1005276, 1, 0, 0
18000, 994736, 1, 0, 0
18999, 998534, 1, 0, 0
19999, 1010464, 1, 0, 0
21000, 985640, 1, 0, 0
22000, 974752, 1, 0, 0
22999, 1032960, 1, 0, 0
23999, 993420, 1, 0, 0
25000, 993476, 1, 0, 0
26000, 1004756, 1, 0, 0
26999, 999247, 1, 0, 0
27999, 971416, 1, 0, 0
29000, 1004544, 1, 0, 0
30000, 1019784, 1, 0, 0
30999, 964776, 1, 0, 0
31999, 999120, 1, 0, 0
33000, 1019444, 1, 0, 0
34000, 970540, 1, 0, 0
34999, 988136, 1, 0, 0
35999, 1017668, 1, 0, 0
37000, 990152, 1, 0, 0
38000, 985340, 1, 0, 0
38999, 999315, 1, 0, 0
39999, 987388, 1, 0, 0
41000, 995352, 1, 0, 0
42000, 997680, 1, 0, 0
42999, 1012240, 1, 0, 0
43999, 1001432, 1, 0, 0
45000, 993320, 1, 0, 0
46000, 1006260, 1, 0, 0
46999, 983431, 1, 0, 0
47999, 995548, 1, 0, 0
49000, 1012068, 1, 0, 0
50000, 988656, 1, 0, 0
50999, 999647, 1, 0, 0
51999, 997540, 1, 0, 0
53000, 996076, 1, 0, 0
54000, 997524, 1, 0, 0
54999, 1010222, 1, 0, 0
56000, 977324, 1, 0, 0
57000, 989592, 1, 0, 0
58000, 988800, 1, 0, 0
58999, 985817, 1, 0, 0
59999, 990264, 1, 0, 0
61000, 999080, 1, 0, 0
62000, 1010288, 1, 0, 0
62999, 966082, 1, 0, 0
63999, 998640, 1, 0, 0
65000, 1008900, 1, 0, 0
66000, 979092, 1, 0, 0
66999, 990974, 1, 0, 0
67999, 1009088, 1, 0, 0
69000, 974232, 1, 0, 0
69999, 997637, 1, 0, 0
70999, 1013564, 1, 0, 0
72000, 980028, 1, 0, 0
73000, 1001188, 1, 0, 0
73999, 1010926, 1, 0, 0
74999, 992092, 1, 0, 0
76000, 1005336, 1, 0, 0
77000, 994192, 1, 0, 0
78000, 1011800, 1, 0, 0
78999, 962070, 1, 0, 0
80000, 989480, 1, 0, 0
81000, 1009664, 1, 0, 0
82000, 985048, 1, 0, 0
83000, 987560, 1, 0, 0
83999, 1013925, 1, 0, 0
84999, 996884, 1, 0, 0
86000, 961828, 1, 0, 0
87000, 1009704, 1, 0, 0
87999, 989313, 1, 0, 0
88999, 1002248, 1, 0, 0
90000, 1003080, 1, 0, 0
91000, 997144, 1, 0, 0
92000, 992880, 1, 0, 0
92999, 1002426, 1, 0, 0
94000, 986672, 1, 0, 0
95000, 993916, 1, 0, 0
96000, 998384, 1, 0, 0
97000, 998668, 1, 0, 0
97999, 992644, 1, 0, 0
98999, 1002988, 1, 0, 0
100000, 1010556, 1, 0, 0
101000, 988968, 1, 0, 0
102000, 987304, 1, 0, 0
102999, 1013097, 1, 0, 0
104000, 977928, 1, 0, 0
105000, 1014096, 1, 0, 0
106000, 1015156, 1, 0, 0
107000, 960084, 1, 0, 0
107999, 1017753, 1, 0, 0
108999, 1008836, 1, 0, 0
110000, 996728, 1, 0, 0
111000, 993848, 1, 0, 0
112000, 1001288, 1, 0, 0
112999, 996096, 1, 0, 0
113999, 979744, 1, 0, 0
115000, 996532, 1, 0, 0
116000, 994800, 1, 0, 0
117000, 984664, 1, 0, 0
117999, 1006798, 1, 0, 0
118999, 1012640, 1, 0, 0
120000, 988760, 1, 0, 0
121000, 993296, 1, 0, 0
122000, 1005376, 1, 0, 0
122999, 981669, 1, 0, 0
123999, 1010592, 1, 0, 0
125000, 1005316, 1, 0, 0
126000, 988156, 1, 0, 0
127000, 999408, 1, 0, 0
127999, 990762, 1, 0, 0
128999, 989208, 1, 0, 0
130000, 1003268, 1, 0, 0
131000, 979548, 1, 0, 0
132000, 1015036, 1, 0, 0
132999, 987739, 1, 0, 0
133999, 996744, 1, 0, 0
135000, 995508, 1, 0, 0
136000, 972288, 1, 0, 0
137000, 1006704, 1, 0, 0
137999, 1021865, 1, 0, 0
139000, 982508, 1, 0, 0
140000, 990056, 1, 0, 0
141000, 1006864, 1, 0, 0
142000, 983476, 1, 0, 0
142999, 991259, 1, 0, 0
143999, 1006552, 1, 0, 0
145000, 991096, 1, 0, 0
146000, 998960, 1, 0, 0
147000, 989148, 1, 0, 0
147999, 1013505, 1, 0, 0
148999, 925816, 1, 0, 0
150000, 1027080, 1, 0, 0
151000, 1001364, 1, 0, 0
152000, 982308, 1, 0, 0
152999, 1011495, 1, 0, 0
153999, 1022268, 1, 0, 0
155000, 990176, 1, 0, 0
156000, 997244, 1, 0, 0
157000, 996880, 1, 0, 0
157999, 974746, 1, 0, 0
158999, 993808, 1, 0, 0
160000, 997224, 1, 0, 0
161000, 996032, 1, 0, 0
162000, 991972, 1, 0, 0
162999, 1007123, 1, 0, 0
163999, 996828, 1, 0, 0
165000, 991836, 1, 0, 0
166000, 1010292, 1, 0, 0
167000, 1026068, 1, 0, 0
167999, 980840, 1, 0, 0
168999, 985184, 1, 0, 0
170000, 942300, 1, 0, 0
171000, 996268, 1, 0, 0
172000, 997752, 1, 0, 0
173000, 1014684, 1, 0, 0
173999, 981749, 1, 0, 0
174999, 1000336, 1, 0, 0
176000, 999556, 1, 0, 0
177000, 996600, 1, 0, 0
178000, 1015868, 1, 0, 0
178999, 997505, 1, 0, 0
179999, 993364, 1, 0, 0
181000, 1007036, 1, 0, 0
182000, 994088, 1, 0, 0
183000, 1035224, 1, 0, 0
183999, 984200, 1, 0, 0
184999, 1003108, 1, 0, 0
186000, 1012944, 1, 0, 0
187000, 981776, 1, 0, 0
188000, 1003252, 1, 0, 0
188999, 1013461, 1, 0, 0
189999, 972204, 1, 0, 0
191000, 954436, 1, 0, 0
192000, 1003704, 1, 0, 0
193000, 989640, 1, 0, 0
193999, 1002982, 1, 0, 0
194999, 1009580, 1, 0, 0
196000, 990608, 1, 0, 0
197000, 991580, 1, 0, 0
198000, 1003400, 1, 0, 0
198999, 1001593, 1, 0, 0
199999, 994792, 1, 0, 0
201000, 998568, 1, 0, 0
202000, 1003704, 1, 0, 0
202999, 988340, 1, 0, 0
204000, 1001404, 1, 0, 0
205000, 1016464, 1, 0, 0
206000, 990300, 1, 0, 0
206999, 998402, 1, 0, 0
207999, 1003912, 1, 0, 0
209000, 978452, 1, 0, 0
210000, 999632, 1, 0, 0
211000, 1007420, 1, 0, 0
211999, 929405, 1, 0, 0
212999, 1011548, 1, 0, 0
214000, 1004508, 1, 0, 0
215000, 1001412, 1, 0, 0
215999, 988468, 1, 0, 0
216999, 1011744, 1, 0, 0
218000, 1011068, 1, 0, 0
219000, 973900, 1, 0, 0
220000, 1024052, 1, 0, 0
220999, 1005617, 1, 0, 0
222000, 980020, 1, 0, 0
223000, 1000704, 1, 0, 0
224000, 1003216, 1, 0, 0
225000, 976720, 1, 0, 0
225999, 1002458, 1, 0, 0
227000, 997796, 1, 0, 0
228000, 989484, 1, 0, 0
229000, 995104, 1, 0, 0
230000, 1005916, 1, 0, 0
230999, 992004, 1, 0, 0
232000, 992920, 1, 0, 0
233000, 926788, 1, 0, 0
234000, 1001956, 1, 0, 0
234999, 996208, 1, 0, 0
235999, 1004740, 1, 0, 0
237000, 1027140, 1, 0, 0
238000, 972036, 1, 0, 0
239000, 1000832, 1, 0, 0
239999, 1002398, 1, 0, 0
240999, 973728, 1, 0, 0
242000, 1007584, 1, 0, 0
243000, 1013996, 1, 0, 0
244000, 997644, 1, 0, 0
244999, 995311, 1, 0, 0
245999, 1018344, 1, 0, 0
247000, 989224, 1, 0, 0
248000, 993160, 1, 0, 0
248999, 1020712, 1, 0, 0
250000, 986204, 1, 0, 0
